------------------------------------------------------------
Timing Analyzer Summary
------------------------------------------------------------

Type  : Slow 1100mV 85C Model Setup 'resolucao_logica:comb_4|clock_25'
Slack : -12.573
TNS   : -197.091

Type  : Slow 1100mV 85C Model Setup 'CLOCK_50'
Slack : -2.532
TNS   : -2.532

Type  : Slow 1100mV 85C Model Hold 'resolucao_logica:comb_4|clock_25'
Slack : 0.306
TNS   : 0.000

Type  : Slow 1100mV 85C Model Hold 'CLOCK_50'
Slack : 0.924
TNS   : 0.000

Type  : Slow 1100mV 85C Model Minimum Pulse Width 'CLOCK_50'
Slack : -0.460
TNS   : -0.854

Type  : Slow 1100mV 85C Model Minimum Pulse Width 'resolucao_logica:comb_4|clock_25'
Slack : -0.394
TNS   : -22.032

Type  : Slow 1100mV 0C Model Setup 'resolucao_logica:comb_4|clock_25'
Slack : -12.616
TNS   : -193.612

Type  : Slow 1100mV 0C Model Setup 'CLOCK_50'
Slack : -2.499
TNS   : -2.499

Type  : Slow 1100mV 0C Model Hold 'resolucao_logica:comb_4|clock_25'
Slack : 0.283
TNS   : 0.000

Type  : Slow 1100mV 0C Model Hold 'CLOCK_50'
Slack : 0.940
TNS   : 0.000

Type  : Slow 1100mV 0C Model Minimum Pulse Width 'CLOCK_50'
Slack : -0.445
TNS   : -0.839

Type  : Slow 1100mV 0C Model Minimum Pulse Width 'resolucao_logica:comb_4|clock_25'
Slack : -0.394
TNS   : -21.797

Type  : Fast 1100mV 85C Model Setup 'resolucao_logica:comb_4|clock_25'
Slack : -7.011
TNS   : -108.196

Type  : Fast 1100mV 85C Model Setup 'CLOCK_50'
Slack : -1.779
TNS   : -1.779

Type  : Fast 1100mV 85C Model Hold 'resolucao_logica:comb_4|clock_25'
Slack : 0.112
TNS   : 0.000

Type  : Fast 1100mV 85C Model Hold 'CLOCK_50'
Slack : 0.803
TNS   : 0.000

Type  : Fast 1100mV 85C Model Minimum Pulse Width 'CLOCK_50'
Slack : -0.424
TNS   : -0.497

Type  : Fast 1100mV 85C Model Minimum Pulse Width 'resolucao_logica:comb_4|clock_25'
Slack : -0.013
TNS   : -0.042

Type  : Fast 1100mV 0C Model Setup 'resolucao_logica:comb_4|clock_25'
Slack : -6.407
TNS   : -96.298

Type  : Fast 1100mV 0C Model Setup 'CLOCK_50'
Slack : -1.496
TNS   : -1.496

Type  : Fast 1100mV 0C Model Hold 'resolucao_logica:comb_4|clock_25'
Slack : 0.087
TNS   : 0.000

Type  : Fast 1100mV 0C Model Hold 'CLOCK_50'
Slack : 0.587
TNS   : 0.000

Type  : Fast 1100mV 0C Model Minimum Pulse Width 'CLOCK_50'
Slack : -0.408
TNS   : -0.474

Type  : Fast 1100mV 0C Model Minimum Pulse Width 'resolucao_logica:comb_4|clock_25'
Slack : 0.030
TNS   : 0.000

------------------------------------------------------------
