Analysis & Synthesis report for CooprocessadorGrafico
Mon Aug 24 17:08:00 2026
Quartus Prime Version 25.1std.0 Build 1129 10/21/2025 SC Lite Edition


---------------------
; Table of Contents ;
---------------------
  1. Legal Notice
  2. Analysis & Synthesis Summary
  3. Analysis & Synthesis Settings
  4. Parallel Compilation
  5. Analysis & Synthesis Source Files Read
  6. Analysis & Synthesis Resource Usage Summary
  7. Analysis & Synthesis Resource Utilization by Entity
  8. Analysis & Synthesis DSP Block Usage Summary
  9. State Machine - |DE1_SOC_golden_top|resolucao_logica:comb_4|vga_driver:comb_25|v_state
 10. State Machine - |DE1_SOC_golden_top|resolucao_logica:comb_4|vga_driver:comb_25|h_state
 11. Registers Removed During Synthesis
 12. General Register Statistics
 13. Multiplexer Restructuring Statistics (Restructuring Performed)
 14. Parameter Settings for User Entity Instance: resolucao_logica:comb_4|vga_driver:comb_25
 15. Port Connectivity Checks: "resolucao_logica:comb_4|vga_driver:comb_25"
 16. Port Connectivity Checks: "resolucao_logica:comb_4"
 17. Port Connectivity Checks: "poligono_gerador:comb_3"
 18. Post-Synthesis Netlist Statistics for Top Partition
 19. Elapsed Time Per Partition
 20. Analysis & Synthesis Messages



----------------
; Legal Notice ;
----------------
Copyright (C) 2025  Altera Corporation. All rights reserved.
Your use of Altera Corporation's design tools, logic functions 
and other software and tools, and any partner logic 
functions, and any output files from any of the foregoing 
(including device programming or simulation files), and any 
associated documentation or information are expressly subject 
to the terms and conditions of the Altera Program License 
Subscription Agreement, the Altera Quartus Prime License Agreement,
the Altera IP License Agreement, or other applicable license
agreement, including, without limitation, that your use is for
the sole purpose of programming logic devices manufactured by
Altera and sold by Altera or its authorized distributors.  Please
refer to the Altera Software License Subscription Agreements 
on the Quartus Prime software download page.



+-----------------------------------------------------------------------------------+
; Analysis & Synthesis Summary                                                      ;
+---------------------------------+-------------------------------------------------+
; Analysis & Synthesis Status     ; Successful - Mon Aug 24 17:08:00 2026           ;
; Quartus Prime Version           ; 25.1std.0 Build 1129 10/21/2025 SC Lite Edition ;
; Revision Name                   ; CooprocessadorGrafico                           ;
; Top-level Entity Name           ; DE1_SOC_golden_top                              ;
; Family                          ; Cyclone V                                       ;
; Logic utilization (in ALMs)     ; N/A                                             ;
; Total registers                 ; 35                                              ;
; Total pins                      ; 241                                             ;
; Total virtual pins              ; 0                                               ;
; Total block memory bits         ; 0                                               ;
; Total DSP Blocks                ; 20                                              ;
; Total HSSI RX PCSs              ; 0                                               ;
; Total HSSI PMA RX Deserializers ; 0                                               ;
; Total HSSI TX PCSs              ; 0                                               ;
; Total HSSI PMA TX Serializers   ; 0                                               ;
; Total PLLs                      ; 0                                               ;
; Total DLLs                      ; 0                                               ;
+---------------------------------+-------------------------------------------------+


+------------------------------------------------------------------------------------------------------------------------------+
; Analysis & Synthesis Settings                                                                                                ;
+---------------------------------------------------------------------------------+--------------------+-----------------------+
; Option                                                                          ; Setting            ; Default Value         ;
+---------------------------------------------------------------------------------+--------------------+-----------------------+
; Device                                                                          ; 5CSEMA5F31C6       ;                       ;
; Top-level entity name                                                           ; DE1_SOC_golden_top ; CooprocessadorGrafico ;
; Family name                                                                     ; Cyclone V          ; Cyclone V             ;
; Use smart compilation                                                           ; Off                ; Off                   ;
; Enable parallel Assembler and Timing Analyzer during compilation                ; On                 ; On                    ;
; Enable compact report table                                                     ; Off                ; Off                   ;
; Restructure Multiplexers                                                        ; Auto               ; Auto                  ;
; MLAB Add Timing Constraints For Mixed-Port Feed-Through Mode Setting Don't Care ; Off                ; Off                   ;
; Create Debugging Nodes for IP Cores                                             ; Off                ; Off                   ;
; Preserve fewer node names                                                       ; On                 ; On                    ;
; Intel FPGA IP Evaluation Mode                                                   ; Enable             ; Enable                ;
; Verilog Version                                                                 ; Verilog_2001       ; Verilog_2001          ;
; VHDL Version                                                                    ; VHDL_1993          ; VHDL_1993             ;
; State Machine Processing                                                        ; Auto               ; Auto                  ;
; Safe State Machine                                                              ; Off                ; Off                   ;
; Extract Verilog State Machines                                                  ; On                 ; On                    ;
; Extract VHDL State Machines                                                     ; On                 ; On                    ;
; Ignore Verilog initial constructs                                               ; Off                ; Off                   ;
; Iteration limit for constant Verilog loops                                      ; 5000               ; 5000                  ;
; Iteration limit for non-constant Verilog loops                                  ; 250                ; 250                   ;
; Add Pass-Through Logic to Inferred RAMs                                         ; On                 ; On                    ;
; Infer RAMs from Raw Logic                                                       ; On                 ; On                    ;
; Parallel Synthesis                                                              ; On                 ; On                    ;
; DSP Block Balancing                                                             ; Auto               ; Auto                  ;
; NOT Gate Push-Back                                                              ; On                 ; On                    ;
; Power-Up Don't Care                                                             ; On                 ; On                    ;
; Remove Redundant Logic Cells                                                    ; Off                ; Off                   ;
; Remove Duplicate Registers                                                      ; On                 ; On                    ;
; Ignore CARRY Buffers                                                            ; Off                ; Off                   ;
; Ignore CASCADE Buffers                                                          ; Off                ; Off                   ;
; Ignore GLOBAL Buffers                                                           ; Off                ; Off                   ;
; Ignore ROW GLOBAL Buffers                                                       ; Off                ; Off                   ;
; Ignore LCELL Buffers                                                            ; Off                ; Off                   ;
; Ignore SOFT Buffers                                                             ; On                 ; On                    ;
; Limit AHDL Integers to 32 Bits                                                  ; Off                ; Off                   ;
; Optimization Technique                                                          ; Balanced           ; Balanced              ;
; Carry Chain Length                                                              ; 70                 ; 70                    ;
; Auto Carry Chains                                                               ; On                 ; On                    ;
; Auto Open-Drain Pins                                                            ; On                 ; On                    ;
; Perform WYSIWYG Primitive Resynthesis                                           ; Off                ; Off                   ;
; Auto ROM Replacement                                                            ; On                 ; On                    ;
; Auto RAM Replacement                                                            ; On                 ; On                    ;
; Auto DSP Block Replacement                                                      ; On                 ; On                    ;
; Auto Shift Register Replacement                                                 ; Auto               ; Auto                  ;
; Allow Shift Register Merging across Hierarchies                                 ; Auto               ; Auto                  ;
; Auto Clock Enable Replacement                                                   ; On                 ; On                    ;
; Strict RAM Replacement                                                          ; Off                ; Off                   ;
; Allow Synchronous Control Signals                                               ; On                 ; On                    ;
; Force Use of Synchronous Clear Signals                                          ; Off                ; Off                   ;
; Auto Resource Sharing                                                           ; Off                ; Off                   ;
; Allow Any RAM Size For Recognition                                              ; Off                ; Off                   ;
; Allow Any ROM Size For Recognition                                              ; Off                ; Off                   ;
; Allow Any Shift Register Size For Recognition                                   ; Off                ; Off                   ;
; Use LogicLock Constraints during Resource Balancing                             ; On                 ; On                    ;
; Ignore translate_off and synthesis_off directives                               ; Off                ; Off                   ;
; Timing-Driven Synthesis                                                         ; On                 ; On                    ;
; Report Parameter Settings                                                       ; On                 ; On                    ;
; Report Source Assignments                                                       ; On                 ; On                    ;
; Report Connectivity Checks                                                      ; On                 ; On                    ;
; Ignore Maximum Fan-Out Assignments                                              ; Off                ; Off                   ;
; Synchronization Register Chain Length                                           ; 3                  ; 3                     ;
; Power Optimization During Synthesis                                             ; Normal compilation ; Normal compilation    ;
; HDL message level                                                               ; Level2             ; Level2                ;
; Suppress Register Optimization Related Messages                                 ; Off                ; Off                   ;
; Number of Removed Registers Reported in Synthesis Report                        ; 5000               ; 5000                  ;
; Number of Swept Nodes Reported in Synthesis Report                              ; 5000               ; 5000                  ;
; Number of Inverted Registers Reported in Synthesis Report                       ; 100                ; 100                   ;
; Clock MUX Protection                                                            ; On                 ; On                    ;
; Auto Gated Clock Conversion                                                     ; Off                ; Off                   ;
; Block Design Naming                                                             ; Auto               ; Auto                  ;
; SDC constraint protection                                                       ; Off                ; Off                   ;
; Synthesis Effort                                                                ; Auto               ; Auto                  ;
; Shift Register Replacement - Allow Asynchronous Clear Signal                    ; On                 ; On                    ;
; Pre-Mapping Resynthesis Optimization                                            ; Off                ; Off                   ;
; Analysis & Synthesis Message Level                                              ; Medium             ; Medium                ;
; Disable Register Merging Across Hierarchies                                     ; Auto               ; Auto                  ;
; Resource Aware Inference For Block RAM                                          ; On                 ; On                    ;
; Automatic Parallel Synthesis                                                    ; On                 ; On                    ;
; Partial Reconfiguration Bitstream ID                                            ; Off                ; Off                   ;
+---------------------------------------------------------------------------------+--------------------+-----------------------+


+------------------------------------------+
; Parallel Compilation                     ;
+----------------------------+-------------+
; Processors                 ; Number      ;
+----------------------------+-------------+
; Number detected on machine ; 20          ;
; Maximum allowed            ; 14          ;
;                            ;             ;
; Average used               ; 1.00        ;
; Maximum used               ; 14          ;
;                            ;             ;
; Usage by Processor         ; % Time Used ;
;     Processor 1            ; 100.0%      ;
;     Processor 2            ;   0.0%      ;
;     Processor 3            ;   0.0%      ;
;     Processor 4            ;   0.0%      ;
;     Processor 5            ;   0.0%      ;
;     Processor 6            ;   0.0%      ;
;     Processor 7            ;   0.0%      ;
;     Processor 8            ;   0.0%      ;
;     Processors 9-14        ;   0.0%      ;
+----------------------------+-------------+


+-----------------------------------------------------------------------------------------------------------------------------------------------+
; Analysis & Synthesis Source Files Read                                                                                                        ;
+----------------------------------+-----------------+------------------------+-------------------------------------------------------+---------+
; File Name with User-Entered Path ; Used in Netlist ; File Type              ; File Name with Absolute Path                          ; Library ;
+----------------------------------+-----------------+------------------------+-------------------------------------------------------+---------+
; DE1_SOC_golden_top.v             ; yes             ; User Verilog HDL File  ; /home/aluno/GabsHelle/DE1_SOC_golden_top.v            ;         ;
; vga_driver.v                     ; yes             ; User Verilog HDL File  ; /home/aluno/GabsHelle/vga_driver.v                    ;         ;
; resolucao_logica.v               ; yes             ; User Verilog HDL File  ; /home/aluno/GabsHelle/resolucao_logica.v              ;         ;
; output_files/poligono_gerador.v  ; yes             ; User Verilog HDL File  ; /home/aluno/GabsHelle/output_files/poligono_gerador.v ;         ;
+----------------------------------+-----------------+------------------------+-------------------------------------------------------+---------+


+------------------------------------------------------------+
; Analysis & Synthesis Resource Usage Summary                ;
+---------------------------------------------+--------------+
; Resource                                    ; Usage        ;
+---------------------------------------------+--------------+
; Estimate of Logic utilization (ALMs needed) ; 233          ;
;                                             ;              ;
; Combinational ALUT usage for logic          ; 430          ;
;     -- 7 input functions                    ; 2            ;
;     -- 6 input functions                    ; 33           ;
;     -- 5 input functions                    ; 33           ;
;     -- 4 input functions                    ; 29           ;
;     -- <=3 input functions                  ; 333          ;
;                                             ;              ;
; Dedicated logic registers                   ; 35           ;
;                                             ;              ;
; I/O pins                                    ; 241          ;
;                                             ;              ;
; Total DSP Blocks                            ; 20           ;
;                                             ;              ;
; Maximum fan-out node                        ; KEY[0]~input ;
; Maximum fan-out                             ; 49           ;
; Total fan-out                               ; 2086         ;
; Average fan-out                             ; 1.96         ;
+---------------------------------------------+--------------+


+--------------------------------------------------------------------------------------------------------------------------------------------------------------------------------------------------------------------------------------------+
; Analysis & Synthesis Resource Utilization by Entity                                                                                                                                                                                        ;
+------------------------------+---------------------+---------------------------+-------------------+------------+------+--------------+----------------------------------------------------------------+--------------------+--------------+
; Compilation Hierarchy Node   ; Combinational ALUTs ; Dedicated Logic Registers ; Block Memory Bits ; DSP Blocks ; Pins ; Virtual Pins ; Full Hierarchy Name                                            ; Entity Name        ; Library Name ;
+------------------------------+---------------------+---------------------------+-------------------+------------+------+--------------+----------------------------------------------------------------+--------------------+--------------+
; |DE1_SOC_golden_top          ; 430 (0)             ; 35 (0)                    ; 0                 ; 20         ; 241  ; 0            ; |DE1_SOC_golden_top                                            ; DE1_SOC_golden_top ; work         ;
;    |poligono_gerador:comb_3| ; 355 (355)           ; 0 (0)                     ; 0                 ; 20         ; 0    ; 0            ; |DE1_SOC_golden_top|poligono_gerador:comb_3                    ; poligono_gerador   ; work         ;
;    |resolucao_logica:comb_4| ; 75 (1)              ; 35 (1)                    ; 0                 ; 0          ; 0    ; 0            ; |DE1_SOC_golden_top|resolucao_logica:comb_4                    ; resolucao_logica   ; work         ;
;       |vga_driver:comb_25|   ; 74 (74)             ; 34 (34)                   ; 0                 ; 0          ; 0    ; 0            ; |DE1_SOC_golden_top|resolucao_logica:comb_4|vga_driver:comb_25 ; vga_driver         ; work         ;
+------------------------------+---------------------+---------------------------+-------------------+------------+------+--------------+----------------------------------------------------------------+--------------------+--------------+
Note: For table entries with two numbers listed, the numbers in parentheses indicate the number of resources of the given type used by the specific entity alone. The numbers listed outside of parentheses indicate the total resources of the given type used by the specific entity and all of its sub-entities in the hierarchy.


+-----------------------------------------------+
; Analysis & Synthesis DSP Block Usage Summary  ;
+---------------------------------+-------------+
; Statistic                       ; Number Used ;
+---------------------------------+-------------+
; Two Independent 18x18           ; 10          ;
; Sum of two 18x18                ; 10          ;
; Total number of DSP blocks      ; 20          ;
;                                 ;             ;
; Fixed Point Unsigned Multiplier ; 30          ;
+---------------------------------+-------------+


Encoding Type:  One-Hot
+------------------------------------------------------------------------------------------------------------------------+
; State Machine - |DE1_SOC_golden_top|resolucao_logica:comb_4|vga_driver:comb_25|v_state                                 ;
+------------------------+----------------------+-----------------------+-----------------------+------------------------+
; Name                   ; v_state.V_BACK_STATE ; v_state.V_PULSE_STATE ; v_state.V_FRONT_STATE ; v_state.V_ACTIVE_STATE ;
+------------------------+----------------------+-----------------------+-----------------------+------------------------+
; v_state.V_ACTIVE_STATE ; 0                    ; 0                     ; 0                     ; 0                      ;
; v_state.V_FRONT_STATE  ; 0                    ; 0                     ; 1                     ; 1                      ;
; v_state.V_PULSE_STATE  ; 0                    ; 1                     ; 0                     ; 1                      ;
; v_state.V_BACK_STATE   ; 1                    ; 0                     ; 0                     ; 1                      ;
+------------------------+----------------------+-----------------------+-----------------------+------------------------+


Encoding Type:  One-Hot
+------------------------------------------------------------------------------------------------------------------------+
; State Machine - |DE1_SOC_golden_top|resolucao_logica:comb_4|vga_driver:comb_25|h_state                                 ;
+------------------------+----------------------+-----------------------+-----------------------+------------------------+
; Name                   ; h_state.H_BACK_STATE ; h_state.H_PULSE_STATE ; h_state.H_FRONT_STATE ; h_state.H_ACTIVE_STATE ;
+------------------------+----------------------+-----------------------+-----------------------+------------------------+
; h_state.H_ACTIVE_STATE ; 0                    ; 0                     ; 0                     ; 0                      ;
; h_state.H_FRONT_STATE  ; 0                    ; 0                     ; 1                     ; 1                      ;
; h_state.H_PULSE_STATE  ; 0                    ; 1                     ; 0                     ; 1                      ;
; h_state.H_BACK_STATE   ; 1                    ; 0                     ; 0                     ; 1                      ;
+------------------------+----------------------+-----------------------+-----------------------+------------------------+


+-----------------------------------------------------------------------------------------------------+
; Registers Removed During Synthesis                                                                  ;
+------------------------------------------------------------+----------------------------------------+
; Register name                                              ; Reason for Removal                     ;
+------------------------------------------------------------+----------------------------------------+
; resolucao_logica:comb_4|vga_driver:comb_25|red_reg[0]      ; Stuck at GND due to stuck port data_in ;
; resolucao_logica:comb_4|vga_driver:comb_25|green_reg[0..4] ; Stuck at GND due to stuck port data_in ;
; resolucao_logica:comb_4|vga_driver:comb_25|blue_reg[0..5]  ; Stuck at GND due to stuck port data_in ;
; resolucao_logica:comb_4|vga_driver:comb_25|red_reg[1..7]   ; Stuck at GND due to stuck port data_in ;
; resolucao_logica:comb_4|vga_driver:comb_25|blue_reg[6,7]   ; Stuck at GND due to stuck port data_in ;
; resolucao_logica:comb_4|vga_driver:comb_25|v_state~5       ; Lost fanout                            ;
; resolucao_logica:comb_4|vga_driver:comb_25|v_state~6       ; Lost fanout                            ;
; resolucao_logica:comb_4|vga_driver:comb_25|v_state~7       ; Lost fanout                            ;
; resolucao_logica:comb_4|vga_driver:comb_25|v_state~8       ; Lost fanout                            ;
; resolucao_logica:comb_4|vga_driver:comb_25|v_state~9       ; Lost fanout                            ;
; resolucao_logica:comb_4|vga_driver:comb_25|v_state~10      ; Lost fanout                            ;
; resolucao_logica:comb_4|vga_driver:comb_25|v_state~11      ; Lost fanout                            ;
; resolucao_logica:comb_4|vga_driver:comb_25|v_state~12      ; Lost fanout                            ;
; resolucao_logica:comb_4|vga_driver:comb_25|h_state~5       ; Lost fanout                            ;
; resolucao_logica:comb_4|vga_driver:comb_25|h_state~6       ; Lost fanout                            ;
; resolucao_logica:comb_4|vga_driver:comb_25|h_state~7       ; Lost fanout                            ;
; resolucao_logica:comb_4|vga_driver:comb_25|h_state~8       ; Lost fanout                            ;
; resolucao_logica:comb_4|vga_driver:comb_25|h_state~9       ; Lost fanout                            ;
; resolucao_logica:comb_4|vga_driver:comb_25|h_state~10      ; Lost fanout                            ;
; resolucao_logica:comb_4|vga_driver:comb_25|h_state~11      ; Lost fanout                            ;
; resolucao_logica:comb_4|vga_driver:comb_25|h_state~12      ; Lost fanout                            ;
; Total Number of Removed Registers = 37                     ;                                        ;
+------------------------------------------------------------+----------------------------------------+


+------------------------------------------------------+
; General Register Statistics                          ;
+----------------------------------------------+-------+
; Statistic                                    ; Value ;
+----------------------------------------------+-------+
; Total registers                              ; 35    ;
; Number of registers using Synchronous Clear  ; 20    ;
; Number of registers using Synchronous Load   ; 0     ;
; Number of registers using Asynchronous Clear ; 0     ;
; Number of registers using Asynchronous Load  ; 0     ;
; Number of registers using Clock Enable       ; 10    ;
; Number of registers using Preset             ; 0     ;
+----------------------------------------------+-------+


+-------------------------------------------------------------------------------------------------------------------------------------------------------------------------------------------+
; Multiplexer Restructuring Statistics (Restructuring Performed)                                                                                                                            ;
+--------------------+-----------+---------------+----------------------+------------------------+------------+-----------------------------------------------------------------------------+
; Multiplexer Inputs ; Bus Width ; Baseline Area ; Area if Restructured ; Saving if Restructured ; Registered ; Example Multiplexer Output                                                  ;
+--------------------+-----------+---------------+----------------------+------------------------+------------+-----------------------------------------------------------------------------+
; 9:1                ; 10 bits   ; 60 LEs        ; 0 LEs                ; 60 LEs                 ; Yes        ; |DE1_SOC_golden_top|resolucao_logica:comb_4|vga_driver:comb_25|v_counter[0] ;
; 9:1                ; 10 bits   ; 60 LEs        ; 0 LEs                ; 60 LEs                 ; Yes        ; |DE1_SOC_golden_top|resolucao_logica:comb_4|vga_driver:comb_25|h_counter[4] ;
+--------------------+-----------+---------------+----------------------+------------------------+------------+-----------------------------------------------------------------------------+


+-----------------------------------------------------------------------------------------+
; Parameter Settings for User Entity Instance: resolucao_logica:comb_4|vga_driver:comb_25 ;
+----------------+------------+-----------------------------------------------------------+
; Parameter Name ; Value      ; Type                                                      ;
+----------------+------------+-----------------------------------------------------------+
; H_ACTIVE       ; 1001111111 ; Unsigned Binary                                           ;
; H_FRONT        ; 0000001111 ; Unsigned Binary                                           ;
; H_PULSE        ; 0001011111 ; Unsigned Binary                                           ;
; H_BACK         ; 0000101111 ; Unsigned Binary                                           ;
; V_ACTIVE       ; 0111011111 ; Unsigned Binary                                           ;
; V_FRONT        ; 0000001001 ; Unsigned Binary                                           ;
; V_PULSE        ; 0000000001 ; Unsigned Binary                                           ;
; V_BACK         ; 0000100000 ; Unsigned Binary                                           ;
; LOW            ; 0          ; Unsigned Binary                                           ;
; HIGH           ; 1          ; Unsigned Binary                                           ;
; H_ACTIVE_STATE ; 00000000   ; Unsigned Binary                                           ;
; H_FRONT_STATE  ; 00000001   ; Unsigned Binary                                           ;
; H_PULSE_STATE  ; 00000010   ; Unsigned Binary                                           ;
; H_BACK_STATE   ; 00000011   ; Unsigned Binary                                           ;
; V_ACTIVE_STATE ; 00000000   ; Unsigned Binary                                           ;
; V_FRONT_STATE  ; 00000001   ; Unsigned Binary                                           ;
; V_PULSE_STATE  ; 00000010   ; Unsigned Binary                                           ;
; V_BACK_STATE   ; 00000011   ; Unsigned Binary                                           ;
+----------------+------------+-----------------------------------------------------------+
Note: In order to hide this table in the UI and the text report file, please set the "Show Parameter Settings in Synthesis Report" option in "Analysis and Synthesis Settings -> More Settings" to "Off".


+---------------------------------------------------------------------------------------------------------------------+
; Port Connectivity Checks: "resolucao_logica:comb_4|vga_driver:comb_25"                                              ;
+-----------+--------+----------+-------------------------------------------------------------------------------------+
; Port      ; Type   ; Severity ; Details                                                                             ;
+-----------+--------+----------+-------------------------------------------------------------------------------------+
; next_x[0] ; Output ; Info     ; Connected to dangling logic. Logic that only feeds a dangling port will be removed. ;
; next_y[9] ; Output ; Info     ; Connected to dangling logic. Logic that only feeds a dangling port will be removed. ;
; next_y[0] ; Output ; Info     ; Connected to dangling logic. Logic that only feeds a dangling port will be removed. ;
+-----------+--------+----------+-------------------------------------------------------------------------------------+


+-----------------------------------------------------+
; Port Connectivity Checks: "resolucao_logica:comb_4" ;
+-------+-------+----------+--------------------------+
; Port  ; Type  ; Severity ; Details                  ;
+-------+-------+----------+--------------------------+
; reset ; Input ; Info     ; Explicitly unconnected   ;
+-------+-------+----------+--------------------------+


+-----------------------------------------------------+
; Port Connectivity Checks: "poligono_gerador:comb_3" ;
+-------------+-------+----------+--------------------+
; Port        ; Type  ; Severity ; Details            ;
+-------------+-------+----------+--------------------+
; x0[7..6]    ; Input ; Info     ; Stuck at GND       ;
; x0[4..2]    ; Input ; Info     ; Stuck at GND       ;
; x0[8]       ; Input ; Info     ; Stuck at VCC       ;
; x0[5]       ; Input ; Info     ; Stuck at VCC       ;
; x0[1]       ; Input ; Info     ; Stuck at VCC       ;
; x0[0]       ; Input ; Info     ; Stuck at GND       ;
; y0[7..6]    ; Input ; Info     ; Stuck at VCC       ;
; y0[5..4]    ; Input ; Info     ; Stuck at GND       ;
; y0[2..0]    ; Input ; Info     ; Stuck at GND       ;
; y0[3]       ; Input ; Info     ; Stuck at VCC       ;
; x1[4..3]    ; Input ; Info     ; Stuck at VCC       ;
; x1[6..5]    ; Input ; Info     ; Stuck at GND       ;
; x1[2..1]    ; Input ; Info     ; Stuck at GND       ;
; x1[8]       ; Input ; Info     ; Stuck at GND       ;
; x1[7]       ; Input ; Info     ; Stuck at VCC       ;
; x1[0]       ; Input ; Info     ; Stuck at VCC       ;
; y1[5..4]    ; Input ; Info     ; Stuck at VCC       ;
; y1[3..0]    ; Input ; Info     ; Stuck at GND       ;
; y1[7]       ; Input ; Info     ; Stuck at VCC       ;
; y1[6]       ; Input ; Info     ; Stuck at GND       ;
; x2[8..6]    ; Input ; Info     ; Stuck at GND       ;
; x2[4..0]    ; Input ; Info     ; Stuck at GND       ;
; x2[5]       ; Input ; Info     ; Stuck at VCC       ;
; y2[1..0]    ; Input ; Info     ; Stuck at VCC       ;
; y2[7..2]    ; Input ; Info     ; Stuck at GND       ;
; x3[5..0]    ; Input ; Info     ; Stuck at GND       ;
; x3[8]       ; Input ; Info     ; Stuck at VCC       ;
; x3[7]       ; Input ; Info     ; Stuck at GND       ;
; x3[6]       ; Input ; Info     ; Stuck at VCC       ;
; y3[1..0]    ; Input ; Info     ; Stuck at VCC       ;
; y3[7..2]    ; Input ; Info     ; Stuck at GND       ;
; color[4..2] ; Input ; Info     ; Stuck at VCC       ;
; color[7..5] ; Input ; Info     ; Stuck at GND       ;
; color[1..0] ; Input ; Info     ; Stuck at GND       ;
+-------------+-------+----------+--------------------+


+-----------------------------------------------------+
; Post-Synthesis Netlist Statistics for Top Partition ;
+-----------------------+-----------------------------+
; Type                  ; Count                       ;
+-----------------------+-----------------------------+
; arriav_ff             ; 35                          ;
;     ENA SCLR          ; 10                          ;
;     SCLR              ; 10                          ;
;     plain             ; 15                          ;
; arriav_io_obuf        ; 96                          ;
; arriav_lcell_comb     ; 431                         ;
;     arith             ; 137                         ;
;         0 data inputs ; 4                           ;
;         1 data inputs ; 20                          ;
;         2 data inputs ; 81                          ;
;         4 data inputs ; 15                          ;
;         5 data inputs ; 17                          ;
;     extend            ; 2                           ;
;         7 data inputs ; 2                           ;
;     normal            ; 103                         ;
;         0 data inputs ; 1                           ;
;         1 data inputs ; 2                           ;
;         2 data inputs ; 15                          ;
;         3 data inputs ; 22                          ;
;         4 data inputs ; 14                          ;
;         5 data inputs ; 16                          ;
;         6 data inputs ; 33                          ;
;     shared            ; 189                         ;
;         0 data inputs ; 51                          ;
;         2 data inputs ; 45                          ;
;         3 data inputs ; 93                          ;
; arriav_mac            ; 20                          ;
; boundary_port         ; 241                         ;
;                       ;                             ;
; Max LUT depth         ; 7.10                        ;
; Average LUT depth     ; 5.17                        ;
+-----------------------+-----------------------------+


+-------------------------------+
; Elapsed Time Per Partition    ;
+----------------+--------------+
; Partition Name ; Elapsed Time ;
+----------------+--------------+
; Top            ; 00:00:00     ;
+----------------+--------------+


+-------------------------------+
; Analysis & Synthesis Messages ;
+-------------------------------+
Info: *******************************************************************
Info: Running Quartus Prime Analysis & Synthesis
    Info: Version 25.1std.0 Build 1129 10/21/2025 SC Lite Edition
    Info: Processing started: Mon Aug 24 17:07:55 2026
Info: Command: quartus_map --read_settings_files=on --write_settings_files=off CooprocessadorGrafico -c CooprocessadorGrafico
Warning (18236): Number of processors has not been specified which may cause overloading on shared machines.  Set the global assignment NUM_PARALLEL_PROCESSORS in your QSF to an appropriate value for best performance.
Info (20030): Parallel compilation is enabled and will use 14 of the 14 processors detected
Info (12021): Found 1 design units, including 1 entities, in source file DE1_SOC_golden_top.v
    Info (12023): Found entity 1: DE1_SOC_golden_top File: /home/aluno/GabsHelle/DE1_SOC_golden_top.v Line: 54
Info (12021): Found 1 design units, including 1 entities, in source file vga_driver.v
    Info (12023): Found entity 1: vga_driver File: /home/aluno/GabsHelle/vga_driver.v Line: 1
Info (12021): Found 1 design units, including 1 entities, in source file resolucao_logica.v
    Info (12023): Found entity 1: resolucao_logica File: /home/aluno/GabsHelle/resolucao_logica.v Line: 1
Info (12021): Found 1 design units, including 1 entities, in source file output_files/poligono_gerador.v
    Info (12023): Found entity 1: poligono_gerador File: /home/aluno/GabsHelle/output_files/poligono_gerador.v Line: 1
Critical Warning (10846): Verilog HDL Instantiation warning at DE1_SOC_golden_top.v(272): instance has no name File: /home/aluno/GabsHelle/DE1_SOC_golden_top.v Line: 272
Critical Warning (10846): Verilog HDL Instantiation warning at resolucao_logica.v(48): instance has no name File: /home/aluno/GabsHelle/resolucao_logica.v Line: 48
Critical Warning (10846): Verilog HDL Instantiation warning at DE1_SOC_golden_top.v(291): instance has no name File: /home/aluno/GabsHelle/DE1_SOC_golden_top.v Line: 291
Info (12127): Elaborating entity "DE1_SOC_golden_top" for the top level hierarchy
Warning (10034): Output port "DRAM_ADDR" at DE1_SOC_golden_top.v(100) has no driver File: /home/aluno/GabsHelle/DE1_SOC_golden_top.v Line: 100
Warning (10034): Output port "DRAM_BA" at DE1_SOC_golden_top.v(101) has no driver File: /home/aluno/GabsHelle/DE1_SOC_golden_top.v Line: 101
Warning (10034): Output port "HEX0" at DE1_SOC_golden_top.v(133) has no driver File: /home/aluno/GabsHelle/DE1_SOC_golden_top.v Line: 133
Warning (10034): Output port "HEX1" at DE1_SOC_golden_top.v(134) has no driver File: /home/aluno/GabsHelle/DE1_SOC_golden_top.v Line: 134
Warning (10034): Output port "HEX2" at DE1_SOC_golden_top.v(135) has no driver File: /home/aluno/GabsHelle/DE1_SOC_golden_top.v Line: 135
Warning (10034): Output port "HEX3" at DE1_SOC_golden_top.v(136) has no driver File: /home/aluno/GabsHelle/DE1_SOC_golden_top.v Line: 136
Warning (10034): Output port "HEX4" at DE1_SOC_golden_top.v(137) has no driver File: /home/aluno/GabsHelle/DE1_SOC_golden_top.v Line: 137
Warning (10034): Output port "HEX5" at DE1_SOC_golden_top.v(138) has no driver File: /home/aluno/GabsHelle/DE1_SOC_golden_top.v Line: 138
Warning (10034): Output port "LEDR" at DE1_SOC_golden_top.v(210) has no driver File: /home/aluno/GabsHelle/DE1_SOC_golden_top.v Line: 210
Warning (10034): Output port "ADC_CONVST" at DE1_SOC_golden_top.v(59) has no driver File: /home/aluno/GabsHelle/DE1_SOC_golden_top.v Line: 59
Warning (10034): Output port "ADC_DIN" at DE1_SOC_golden_top.v(60) has no driver File: /home/aluno/GabsHelle/DE1_SOC_golden_top.v Line: 60
Warning (10034): Output port "ADC_SCLK" at DE1_SOC_golden_top.v(62) has no driver File: /home/aluno/GabsHelle/DE1_SOC_golden_top.v Line: 62
Warning (10034): Output port "AUD_DACDAT" at DE1_SOC_golden_top.v(72) has no driver File: /home/aluno/GabsHelle/DE1_SOC_golden_top.v Line: 72
Warning (10034): Output port "AUD_XCK" at DE1_SOC_golden_top.v(74) has no driver File: /home/aluno/GabsHelle/DE1_SOC_golden_top.v Line: 74
Warning (10034): Output port "DRAM_CAS_N" at DE1_SOC_golden_top.v(102) has no driver File: /home/aluno/GabsHelle/DE1_SOC_golden_top.v Line: 102
Warning (10034): Output port "DRAM_CKE" at DE1_SOC_golden_top.v(103) has no driver File: /home/aluno/GabsHelle/DE1_SOC_golden_top.v Line: 103
Warning (10034): Output port "DRAM_CLK" at DE1_SOC_golden_top.v(104) has no driver File: /home/aluno/GabsHelle/DE1_SOC_golden_top.v Line: 104
Warning (10034): Output port "DRAM_CS_N" at DE1_SOC_golden_top.v(105) has no driver File: /home/aluno/GabsHelle/DE1_SOC_golden_top.v Line: 105
Warning (10034): Output port "DRAM_LDQM" at DE1_SOC_golden_top.v(107) has no driver File: /home/aluno/GabsHelle/DE1_SOC_golden_top.v Line: 107
Warning (10034): Output port "DRAM_RAS_N" at DE1_SOC_golden_top.v(108) has no driver File: /home/aluno/GabsHelle/DE1_SOC_golden_top.v Line: 108
Warning (10034): Output port "DRAM_UDQM" at DE1_SOC_golden_top.v(109) has no driver File: /home/aluno/GabsHelle/DE1_SOC_golden_top.v Line: 109
Warning (10034): Output port "DRAM_WE_N" at DE1_SOC_golden_top.v(110) has no driver File: /home/aluno/GabsHelle/DE1_SOC_golden_top.v Line: 110
Warning (10034): Output port "FAN_CTRL" at DE1_SOC_golden_top.v(115) has no driver File: /home/aluno/GabsHelle/DE1_SOC_golden_top.v Line: 115
Warning (10034): Output port "FPGA_I2C_SCLK" at DE1_SOC_golden_top.v(120) has no driver File: /home/aluno/GabsHelle/DE1_SOC_golden_top.v Line: 120
Warning (10034): Output port "IRDA_TXD" at DE1_SOC_golden_top.v(200) has no driver File: /home/aluno/GabsHelle/DE1_SOC_golden_top.v Line: 200
Warning (10034): Output port "TD_RESET_N" at DE1_SOC_golden_top.v(231) has no driver File: /home/aluno/GabsHelle/DE1_SOC_golden_top.v Line: 231
Info (12128): Elaborating entity "poligono_gerador" for hierarchy "poligono_gerador:comb_3" File: /home/aluno/GabsHelle/DE1_SOC_golden_top.v Line: 272
Info (12128): Elaborating entity "resolucao_logica" for hierarchy "resolucao_logica:comb_4" File: /home/aluno/GabsHelle/DE1_SOC_golden_top.v Line: 291
Warning (10230): Verilog HDL assignment warning at resolucao_logica.v(20): truncated value with size 32 to match size of target (9) File: /home/aluno/GabsHelle/resolucao_logica.v Line: 20
Warning (10230): Verilog HDL assignment warning at resolucao_logica.v(21): truncated value with size 32 to match size of target (8) File: /home/aluno/GabsHelle/resolucao_logica.v Line: 21
Info (12128): Elaborating entity "vga_driver" for hierarchy "resolucao_logica:comb_4|vga_driver:comb_25" File: /home/aluno/GabsHelle/resolucao_logica.v Line: 48
Warning (13039): The following bidirectional pins have no drivers
    Warning (13040): bidirectional pin "AUD_ADCLRCK" has no driver File: /home/aluno/GabsHelle/DE1_SOC_golden_top.v Line: 70
    Warning (13040): bidirectional pin "AUD_BCLK" has no driver File: /home/aluno/GabsHelle/DE1_SOC_golden_top.v Line: 71
    Warning (13040): bidirectional pin "AUD_DACLRCK" has no driver File: /home/aluno/GabsHelle/DE1_SOC_golden_top.v Line: 73
    Warning (13040): bidirectional pin "DRAM_DQ[0]" has no driver File: /home/aluno/GabsHelle/DE1_SOC_golden_top.v Line: 106
    Warning (13040): bidirectional pin "DRAM_DQ[1]" has no driver File: /home/aluno/GabsHelle/DE1_SOC_golden_top.v Line: 106
    Warning (13040): bidirectional pin "DRAM_DQ[2]" has no driver File: /home/aluno/GabsHelle/DE1_SOC_golden_top.v Line: 106
    Warning (13040): bidirectional pin "DRAM_DQ[3]" has no driver File: /home/aluno/GabsHelle/DE1_SOC_golden_top.v Line: 106
    Warning (13040): bidirectional pin "DRAM_DQ[4]" has no driver File: /home/aluno/GabsHelle/DE1_SOC_golden_top.v Line: 106
    Warning (13040): bidirectional pin "DRAM_DQ[5]" has no driver File: /home/aluno/GabsHelle/DE1_SOC_golden_top.v Line: 106
    Warning (13040): bidirectional pin "DRAM_DQ[6]" has no driver File: /home/aluno/GabsHelle/DE1_SOC_golden_top.v Line: 106
    Warning (13040): bidirectional pin "DRAM_DQ[7]" has no driver File: /home/aluno/GabsHelle/DE1_SOC_golden_top.v Line: 106
    Warning (13040): bidirectional pin "DRAM_DQ[8]" has no driver File: /home/aluno/GabsHelle/DE1_SOC_golden_top.v Line: 106
    Warning (13040): bidirectional pin "DRAM_DQ[9]" has no driver File: /home/aluno/GabsHelle/DE1_SOC_golden_top.v Line: 106
    Warning (13040): bidirectional pin "DRAM_DQ[10]" has no driver File: /home/aluno/GabsHelle/DE1_SOC_golden_top.v Line: 106
    Warning (13040): bidirectional pin "DRAM_DQ[11]" has no driver File: /home/aluno/GabsHelle/DE1_SOC_golden_top.v Line: 106
    Warning (13040): bidirectional pin "DRAM_DQ[12]" has no driver File: /home/aluno/GabsHelle/DE1_SOC_golden_top.v Line: 106
    Warning (13040): bidirectional pin "DRAM_DQ[13]" has no driver File: /home/aluno/GabsHelle/DE1_SOC_golden_top.v Line: 106
    Warning (13040): bidirectional pin "DRAM_DQ[14]" has no driver File: /home/aluno/GabsHelle/DE1_SOC_golden_top.v Line: 106
    Warning (13040): bidirectional pin "DRAM_DQ[15]" has no driver File: /home/aluno/GabsHelle/DE1_SOC_golden_top.v Line: 106
    Warning (13040): bidirectional pin "FPGA_I2C_SDAT" has no driver File: /home/aluno/GabsHelle/DE1_SOC_golden_top.v Line: 121
    Warning (13040): bidirectional pin "GPIO_0[0]" has no driver File: /home/aluno/GabsHelle/DE1_SOC_golden_top.v Line: 126
    Warning (13040): bidirectional pin "GPIO_0[1]" has no driver File: /home/aluno/GabsHelle/DE1_SOC_golden_top.v Line: 126
    Warning (13040): bidirectional pin "GPIO_0[2]" has no driver File: /home/aluno/GabsHelle/DE1_SOC_golden_top.v Line: 126
    Warning (13040): bidirectional pin "GPIO_0[3]" has no driver File: /home/aluno/GabsHelle/DE1_SOC_golden_top.v Line: 126
    Warning (13040): bidirectional pin "GPIO_0[4]" has no driver File: /home/aluno/GabsHelle/DE1_SOC_golden_top.v Line: 126
    Warning (13040): bidirectional pin "GPIO_0[5]" has no driver File: /home/aluno/GabsHelle/DE1_SOC_golden_top.v Line: 126
    Warning (13040): bidirectional pin "GPIO_0[6]" has no driver File: /home/aluno/GabsHelle/DE1_SOC_golden_top.v Line: 126
    Warning (13040): bidirectional pin "GPIO_0[7]" has no driver File: /home/aluno/GabsHelle/DE1_SOC_golden_top.v Line: 126
    Warning (13040): bidirectional pin "GPIO_0[8]" has no driver File: /home/aluno/GabsHelle/DE1_SOC_golden_top.v Line: 126
    Warning (13040): bidirectional pin "GPIO_0[9]" has no driver File: /home/aluno/GabsHelle/DE1_SOC_golden_top.v Line: 126
    Warning (13040): bidirectional pin "GPIO_0[10]" has no driver File: /home/aluno/GabsHelle/DE1_SOC_golden_top.v Line: 126
    Warning (13040): bidirectional pin "GPIO_0[11]" has no driver File: /home/aluno/GabsHelle/DE1_SOC_golden_top.v Line: 126
    Warning (13040): bidirectional pin "GPIO_0[12]" has no driver File: /home/aluno/GabsHelle/DE1_SOC_golden_top.v Line: 126
    Warning (13040): bidirectional pin "GPIO_0[13]" has no driver File: /home/aluno/GabsHelle/DE1_SOC_golden_top.v Line: 126
    Warning (13040): bidirectional pin "GPIO_0[14]" has no driver File: /home/aluno/GabsHelle/DE1_SOC_golden_top.v Line: 126
    Warning (13040): bidirectional pin "GPIO_0[15]" has no driver File: /home/aluno/GabsHelle/DE1_SOC_golden_top.v Line: 126
    Warning (13040): bidirectional pin "GPIO_0[16]" has no driver File: /home/aluno/GabsHelle/DE1_SOC_golden_top.v Line: 126
    Warning (13040): bidirectional pin "GPIO_0[17]" has no driver File: /home/aluno/GabsHelle/DE1_SOC_golden_top.v Line: 126
    Warning (13040): bidirectional pin "GPIO_0[18]" has no driver File: /home/aluno/GabsHelle/DE1_SOC_golden_top.v Line: 126
    Warning (13040): bidirectional pin "GPIO_0[19]" has no driver File: /home/aluno/GabsHelle/DE1_SOC_golden_top.v Line: 126
    Warning (13040): bidirectional pin "GPIO_0[20]" has no driver File: /home/aluno/GabsHelle/DE1_SOC_golden_top.v Line: 126
    Warning (13040): bidirectional pin "GPIO_0[21]" has no driver File: /home/aluno/GabsHelle/DE1_SOC_golden_top.v Line: 126
    Warning (13040): bidirectional pin "GPIO_0[22]" has no driver File: /home/aluno/GabsHelle/DE1_SOC_golden_top.v Line: 126
    Warning (13040): bidirectional pin "GPIO_0[23]" has no driver File: /home/aluno/GabsHelle/DE1_SOC_golden_top.v Line: 126
    Warning (13040): bidirectional pin "GPIO_0[24]" has no driver File: /home/aluno/GabsHelle/DE1_SOC_golden_top.v Line: 126
    Warning (13040): bidirectional pin "GPIO_0[25]" has no driver File: /home/aluno/GabsHelle/DE1_SOC_golden_top.v Line: 126
    Warning (13040): bidirectional pin "GPIO_0[26]" has no driver File: /home/aluno/GabsHelle/DE1_SOC_golden_top.v Line: 126
    Warning (13040): bidirectional pin "GPIO_0[27]" has no driver File: /home/aluno/GabsHelle/DE1_SOC_golden_top.v Line: 126
    Warning (13040): bidirectional pin "GPIO_0[28]" has no driver File: /home/aluno/GabsHelle/DE1_SOC_golden_top.v Line: 126
    Warning (13040): bidirectional pin "GPIO_0[29]" has no driver File: /home/aluno/GabsHelle/DE1_SOC_golden_top.v Line: 126
    Warning (13040): bidirectional pin "GPIO_0[30]" has no driver File: /home/aluno/GabsHelle/DE1_SOC_golden_top.v Line: 126
    Warning (13040): bidirectional pin "GPIO_0[31]" has no driver File: /home/aluno/GabsHelle/DE1_SOC_golden_top.v Line: 126
    Warning (13040): bidirectional pin "GPIO_0[32]" has no driver File: /home/aluno/GabsHelle/DE1_SOC_golden_top.v Line: 126
    Warning (13040): bidirectional pin "GPIO_0[33]" has no driver File: /home/aluno/GabsHelle/DE1_SOC_golden_top.v Line: 126
    Warning (13040): bidirectional pin "GPIO_0[34]" has no driver File: /home/aluno/GabsHelle/DE1_SOC_golden_top.v Line: 126
    Warning (13040): bidirectional pin "GPIO_0[35]" has no driver File: /home/aluno/GabsHelle/DE1_SOC_golden_top.v Line: 126
    Warning (13040): bidirectional pin "GPIO_1[0]" has no driver File: /home/aluno/GabsHelle/DE1_SOC_golden_top.v Line: 127
    Warning (13040): bidirectional pin "GPIO_1[1]" has no driver File: /home/aluno/GabsHelle/DE1_SOC_golden_top.v Line: 127
    Warning (13040): bidirectional pin "GPIO_1[2]" has no driver File: /home/aluno/GabsHelle/DE1_SOC_golden_top.v Line: 127
    Warning (13040): bidirectional pin "GPIO_1[3]" has no driver File: /home/aluno/GabsHelle/DE1_SOC_golden_top.v Line: 127
    Warning (13040): bidirectional pin "GPIO_1[4]" has no driver File: /home/aluno/GabsHelle/DE1_SOC_golden_top.v Line: 127
    Warning (13040): bidirectional pin "GPIO_1[5]" has no driver File: /home/aluno/GabsHelle/DE1_SOC_golden_top.v Line: 127
    Warning (13040): bidirectional pin "GPIO_1[6]" has no driver File: /home/aluno/GabsHelle/DE1_SOC_golden_top.v Line: 127
    Warning (13040): bidirectional pin "GPIO_1[7]" has no driver File: /home/aluno/GabsHelle/DE1_SOC_golden_top.v Line: 127
    Warning (13040): bidirectional pin "GPIO_1[8]" has no driver File: /home/aluno/GabsHelle/DE1_SOC_golden_top.v Line: 127
    Warning (13040): bidirectional pin "GPIO_1[9]" has no driver File: /home/aluno/GabsHelle/DE1_SOC_golden_top.v Line: 127
    Warning (13040): bidirectional pin "GPIO_1[10]" has no driver File: /home/aluno/GabsHelle/DE1_SOC_golden_top.v Line: 127
    Warning (13040): bidirectional pin "GPIO_1[11]" has no driver File: /home/aluno/GabsHelle/DE1_SOC_golden_top.v Line: 127
    Warning (13040): bidirectional pin "GPIO_1[12]" has no driver File: /home/aluno/GabsHelle/DE1_SOC_golden_top.v Line: 127
    Warning (13040): bidirectional pin "GPIO_1[13]" has no driver File: /home/aluno/GabsHelle/DE1_SOC_golden_top.v Line: 127
    Warning (13040): bidirectional pin "GPIO_1[14]" has no driver File: /home/aluno/GabsHelle/DE1_SOC_golden_top.v Line: 127
    Warning (13040): bidirectional pin "GPIO_1[15]" has no driver File: /home/aluno/GabsHelle/DE1_SOC_golden_top.v Line: 127
    Warning (13040): bidirectional pin "GPIO_1[16]" has no driver File: /home/aluno/GabsHelle/DE1_SOC_golden_top.v Line: 127
    Warning (13040): bidirectional pin "GPIO_1[17]" has no driver File: /home/aluno/GabsHelle/DE1_SOC_golden_top.v Line: 127
    Warning (13040): bidirectional pin "GPIO_1[18]" has no driver File: /home/aluno/GabsHelle/DE1_SOC_golden_top.v Line: 127
    Warning (13040): bidirectional pin "GPIO_1[19]" has no driver File: /home/aluno/GabsHelle/DE1_SOC_golden_top.v Line: 127
    Warning (13040): bidirectional pin "GPIO_1[20]" has no driver File: /home/aluno/GabsHelle/DE1_SOC_golden_top.v Line: 127
    Warning (13040): bidirectional pin "GPIO_1[21]" has no driver File: /home/aluno/GabsHelle/DE1_SOC_golden_top.v Line: 127
    Warning (13040): bidirectional pin "GPIO_1[22]" has no driver File: /home/aluno/GabsHelle/DE1_SOC_golden_top.v Line: 127
    Warning (13040): bidirectional pin "GPIO_1[23]" has no driver File: /home/aluno/GabsHelle/DE1_SOC_golden_top.v Line: 127
    Warning (13040): bidirectional pin "GPIO_1[24]" has no driver File: /home/aluno/GabsHelle/DE1_SOC_golden_top.v Line: 127
    Warning (13040): bidirectional pin "GPIO_1[25]" has no driver File: /home/aluno/GabsHelle/DE1_SOC_golden_top.v Line: 127
    Warning (13040): bidirectional pin "GPIO_1[26]" has no driver File: /home/aluno/GabsHelle/DE1_SOC_golden_top.v Line: 127
    Warning (13040): bidirectional pin "GPIO_1[27]" has no driver File: /home/aluno/GabsHelle/DE1_SOC_golden_top.v Line: 127
    Warning (13040): bidirectional pin "GPIO_1[28]" has no driver File: /home/aluno/GabsHelle/DE1_SOC_golden_top.v Line: 127
    Warning (13040): bidirectional pin "GPIO_1[29]" has no driver File: /home/aluno/GabsHelle/DE1_SOC_golden_top.v Line: 127
    Warning (13040): bidirectional pin "GPIO_1[30]" has no driver File: /home/aluno/GabsHelle/DE1_SOC_golden_top.v Line: 127
    Warning (13040): bidirectional pin "GPIO_1[31]" has no driver File: /home/aluno/GabsHelle/DE1_SOC_golden_top.v Line: 127
    Warning (13040): bidirectional pin "GPIO_1[32]" has no driver File: /home/aluno/GabsHelle/DE1_SOC_golden_top.v Line: 127
    Warning (13040): bidirectional pin "GPIO_1[33]" has no driver File: /home/aluno/GabsHelle/DE1_SOC_golden_top.v Line: 127
    Warning (13040): bidirectional pin "GPIO_1[34]" has no driver File: /home/aluno/GabsHelle/DE1_SOC_golden_top.v Line: 127
    Warning (13040): bidirectional pin "GPIO_1[35]" has no driver File: /home/aluno/GabsHelle/DE1_SOC_golden_top.v Line: 127
    Warning (13040): bidirectional pin "PS2_CLK" has no driver File: /home/aluno/GabsHelle/DE1_SOC_golden_top.v Line: 215
    Warning (13040): bidirectional pin "PS2_CLK2" has no driver File: /home/aluno/GabsHelle/DE1_SOC_golden_top.v Line: 216
    Warning (13040): bidirectional pin "PS2_DAT" has no driver File: /home/aluno/GabsHelle/DE1_SOC_golden_top.v Line: 217
    Warning (13040): bidirectional pin "PS2_DAT2" has no driver File: /home/aluno/GabsHelle/DE1_SOC_golden_top.v Line: 218
Warning (13024): Output pins are stuck at VCC or GND
    Warning (13410): Pin "ADC_CONVST" is stuck at GND File: /home/aluno/GabsHelle/DE1_SOC_golden_top.v Line: 59
    Warning (13410): Pin "ADC_DIN" is stuck at GND File: /home/aluno/GabsHelle/DE1_SOC_golden_top.v Line: 60
    Warning (13410): Pin "ADC_SCLK" is stuck at GND File: /home/aluno/GabsHelle/DE1_SOC_golden_top.v Line: 62
    Warning (13410): Pin "AUD_DACDAT" is stuck at GND File: /home/aluno/GabsHelle/DE1_SOC_golden_top.v Line: 72
    Warning (13410): Pin "AUD_XCK" is stuck at GND File: /home/aluno/GabsHelle/DE1_SOC_golden_top.v Line: 74
    Warning (13410): Pin "DRAM_ADDR[0]" is stuck at GND File: /home/aluno/GabsHelle/DE1_SOC_golden_top.v Line: 100
    Warning (13410): Pin "DRAM_ADDR[1]" is stuck at GND File: /home/aluno/GabsHelle/DE1_SOC_golden_top.v Line: 100
    Warning (13410): Pin "DRAM_ADDR[2]" is stuck at GND File: /home/aluno/GabsHelle/DE1_SOC_golden_top.v Line: 100
    Warning (13410): Pin "DRAM_ADDR[3]" is stuck at GND File: /home/aluno/GabsHelle/DE1_SOC_golden_top.v Line: 100
    Warning (13410): Pin "DRAM_ADDR[4]" is stuck at GND File: /home/aluno/GabsHelle/DE1_SOC_golden_top.v Line: 100
    Warning (13410): Pin "DRAM_ADDR[5]" is stuck at GND File: /home/aluno/GabsHelle/DE1_SOC_golden_top.v Line: 100
    Warning (13410): Pin "DRAM_ADDR[6]" is stuck at GND File: /home/aluno/GabsHelle/DE1_SOC_golden_top.v Line: 100
    Warning (13410): Pin "DRAM_ADDR[7]" is stuck at GND File: /home/aluno/GabsHelle/DE1_SOC_golden_top.v Line: 100
    Warning (13410): Pin "DRAM_ADDR[8]" is stuck at GND File: /home/aluno/GabsHelle/DE1_SOC_golden_top.v Line: 100
    Warning (13410): Pin "DRAM_ADDR[9]" is stuck at GND File: /home/aluno/GabsHelle/DE1_SOC_golden_top.v Line: 100
    Warning (13410): Pin "DRAM_ADDR[10]" is stuck at GND File: /home/aluno/GabsHelle/DE1_SOC_golden_top.v Line: 100
    Warning (13410): Pin "DRAM_ADDR[11]" is stuck at GND File: /home/aluno/GabsHelle/DE1_SOC_golden_top.v Line: 100
    Warning (13410): Pin "DRAM_ADDR[12]" is stuck at GND File: /home/aluno/GabsHelle/DE1_SOC_golden_top.v Line: 100
    Warning (13410): Pin "DRAM_BA[0]" is stuck at GND File: /home/aluno/GabsHelle/DE1_SOC_golden_top.v Line: 101
    Warning (13410): Pin "DRAM_BA[1]" is stuck at GND File: /home/aluno/GabsHelle/DE1_SOC_golden_top.v Line: 101
    Warning (13410): Pin "DRAM_CAS_N" is stuck at GND File: /home/aluno/GabsHelle/DE1_SOC_golden_top.v Line: 102
    Warning (13410): Pin "DRAM_CKE" is stuck at GND File: /home/aluno/GabsHelle/DE1_SOC_golden_top.v Line: 103
    Warning (13410): Pin "DRAM_CLK" is stuck at GND File: /home/aluno/GabsHelle/DE1_SOC_golden_top.v Line: 104
    Warning (13410): Pin "DRAM_CS_N" is stuck at GND File: /home/aluno/GabsHelle/DE1_SOC_golden_top.v Line: 105
    Warning (13410): Pin "DRAM_LDQM" is stuck at GND File: /home/aluno/GabsHelle/DE1_SOC_golden_top.v Line: 107
    Warning (13410): Pin "DRAM_RAS_N" is stuck at GND File: /home/aluno/GabsHelle/DE1_SOC_golden_top.v Line: 108
    Warning (13410): Pin "DRAM_UDQM" is stuck at GND File: /home/aluno/GabsHelle/DE1_SOC_golden_top.v Line: 109
    Warning (13410): Pin "DRAM_WE_N" is stuck at GND File: /home/aluno/GabsHelle/DE1_SOC_golden_top.v Line: 110
    Warning (13410): Pin "FAN_CTRL" is stuck at GND File: /home/aluno/GabsHelle/DE1_SOC_golden_top.v Line: 115
    Warning (13410): Pin "FPGA_I2C_SCLK" is stuck at GND File: /home/aluno/GabsHelle/DE1_SOC_golden_top.v Line: 120
    Warning (13410): Pin "HEX0[0]" is stuck at GND File: /home/aluno/GabsHelle/DE1_SOC_golden_top.v Line: 133
    Warning (13410): Pin "HEX0[1]" is stuck at GND File: /home/aluno/GabsHelle/DE1_SOC_golden_top.v Line: 133
    Warning (13410): Pin "HEX0[2]" is stuck at GND File: /home/aluno/GabsHelle/DE1_SOC_golden_top.v Line: 133
    Warning (13410): Pin "HEX0[3]" is stuck at GND File: /home/aluno/GabsHelle/DE1_SOC_golden_top.v Line: 133
    Warning (13410): Pin "HEX0[4]" is stuck at GND File: /home/aluno/GabsHelle/DE1_SOC_golden_top.v Line: 133
    Warning (13410): Pin "HEX0[5]" is stuck at GND File: /home/aluno/GabsHelle/DE1_SOC_golden_top.v Line: 133
    Warning (13410): Pin "HEX0[6]" is stuck at GND File: /home/aluno/GabsHelle/DE1_SOC_golden_top.v Line: 133
    Warning (13410): Pin "HEX1[0]" is stuck at GND File: /home/aluno/GabsHelle/DE1_SOC_golden_top.v Line: 134
    Warning (13410): Pin "HEX1[1]" is stuck at GND File: /home/aluno/GabsHelle/DE1_SOC_golden_top.v Line: 134
    Warning (13410): Pin "HEX1[2]" is stuck at GND File: /home/aluno/GabsHelle/DE1_SOC_golden_top.v Line: 134
    Warning (13410): Pin "HEX1[3]" is stuck at GND File: /home/aluno/GabsHelle/DE1_SOC_golden_top.v Line: 134
    Warning (13410): Pin "HEX1[4]" is stuck at GND File: /home/aluno/GabsHelle/DE1_SOC_golden_top.v Line: 134
    Warning (13410): Pin "HEX1[5]" is stuck at GND File: /home/aluno/GabsHelle/DE1_SOC_golden_top.v Line: 134
    Warning (13410): Pin "HEX1[6]" is stuck at GND File: /home/aluno/GabsHelle/DE1_SOC_golden_top.v Line: 134
    Warning (13410): Pin "HEX2[0]" is stuck at GND File: /home/aluno/GabsHelle/DE1_SOC_golden_top.v Line: 135
    Warning (13410): Pin "HEX2[1]" is stuck at GND File: /home/aluno/GabsHelle/DE1_SOC_golden_top.v Line: 135
    Warning (13410): Pin "HEX2[2]" is stuck at GND File: /home/aluno/GabsHelle/DE1_SOC_golden_top.v Line: 135
    Warning (13410): Pin "HEX2[3]" is stuck at GND File: /home/aluno/GabsHelle/DE1_SOC_golden_top.v Line: 135
    Warning (13410): Pin "HEX2[4]" is stuck at GND File: /home/aluno/GabsHelle/DE1_SOC_golden_top.v Line: 135
    Warning (13410): Pin "HEX2[5]" is stuck at GND File: /home/aluno/GabsHelle/DE1_SOC_golden_top.v Line: 135
    Warning (13410): Pin "HEX2[6]" is stuck at GND File: /home/aluno/GabsHelle/DE1_SOC_golden_top.v Line: 135
    Warning (13410): Pin "HEX3[0]" is stuck at GND File: /home/aluno/GabsHelle/DE1_SOC_golden_top.v Line: 136
    Warning (13410): Pin "HEX3[1]" is stuck at GND File: /home/aluno/GabsHelle/DE1_SOC_golden_top.v Line: 136
    Warning (13410): Pin "HEX3[2]" is stuck at GND File: /home/aluno/GabsHelle/DE1_SOC_golden_top.v Line: 136
    Warning (13410): Pin "HEX3[3]" is stuck at GND File: /home/aluno/GabsHelle/DE1_SOC_golden_top.v Line: 136
    Warning (13410): Pin "HEX3[4]" is stuck at GND File: /home/aluno/GabsHelle/DE1_SOC_golden_top.v Line: 136
    Warning (13410): Pin "HEX3[5]" is stuck at GND File: /home/aluno/GabsHelle/DE1_SOC_golden_top.v Line: 136
    Warning (13410): Pin "HEX3[6]" is stuck at GND File: /home/aluno/GabsHelle/DE1_SOC_golden_top.v Line: 136
    Warning (13410): Pin "HEX4[0]" is stuck at GND File: /home/aluno/GabsHelle/DE1_SOC_golden_top.v Line: 137
    Warning (13410): Pin "HEX4[1]" is stuck at GND File: /home/aluno/GabsHelle/DE1_SOC_golden_top.v Line: 137
    Warning (13410): Pin "HEX4[2]" is stuck at GND File: /home/aluno/GabsHelle/DE1_SOC_golden_top.v Line: 137
    Warning (13410): Pin "HEX4[3]" is stuck at GND File: /home/aluno/GabsHelle/DE1_SOC_golden_top.v Line: 137
    Warning (13410): Pin "HEX4[4]" is stuck at GND File: /home/aluno/GabsHelle/DE1_SOC_golden_top.v Line: 137
    Warning (13410): Pin "HEX4[5]" is stuck at GND File: /home/aluno/GabsHelle/DE1_SOC_golden_top.v Line: 137
    Warning (13410): Pin "HEX4[6]" is stuck at GND File: /home/aluno/GabsHelle/DE1_SOC_golden_top.v Line: 137
    Warning (13410): Pin "HEX5[0]" is stuck at GND File: /home/aluno/GabsHelle/DE1_SOC_golden_top.v Line: 138
    Warning (13410): Pin "HEX5[1]" is stuck at GND File: /home/aluno/GabsHelle/DE1_SOC_golden_top.v Line: 138
    Warning (13410): Pin "HEX5[2]" is stuck at GND File: /home/aluno/GabsHelle/DE1_SOC_golden_top.v Line: 138
    Warning (13410): Pin "HEX5[3]" is stuck at GND File: /home/aluno/GabsHelle/DE1_SOC_golden_top.v Line: 138
    Warning (13410): Pin "HEX5[4]" is stuck at GND File: /home/aluno/GabsHelle/DE1_SOC_golden_top.v Line: 138
    Warning (13410): Pin "HEX5[5]" is stuck at GND File: /home/aluno/GabsHelle/DE1_SOC_golden_top.v Line: 138
    Warning (13410): Pin "HEX5[6]" is stuck at GND File: /home/aluno/GabsHelle/DE1_SOC_golden_top.v Line: 138
    Warning (13410): Pin "IRDA_TXD" is stuck at GND File: /home/aluno/GabsHelle/DE1_SOC_golden_top.v Line: 200
    Warning (13410): Pin "LEDR[0]" is stuck at GND File: /home/aluno/GabsHelle/DE1_SOC_golden_top.v Line: 210
    Warning (13410): Pin "LEDR[1]" is stuck at GND File: /home/aluno/GabsHelle/DE1_SOC_golden_top.v Line: 210
    Warning (13410): Pin "LEDR[2]" is stuck at GND File: /home/aluno/GabsHelle/DE1_SOC_golden_top.v Line: 210
    Warning (13410): Pin "LEDR[3]" is stuck at GND File: /home/aluno/GabsHelle/DE1_SOC_golden_top.v Line: 210
    Warning (13410): Pin "LEDR[4]" is stuck at GND File: /home/aluno/GabsHelle/DE1_SOC_golden_top.v Line: 210
    Warning (13410): Pin "LEDR[5]" is stuck at GND File: /home/aluno/GabsHelle/DE1_SOC_golden_top.v Line: 210
    Warning (13410): Pin "LEDR[6]" is stuck at GND File: /home/aluno/GabsHelle/DE1_SOC_golden_top.v Line: 210
    Warning (13410): Pin "LEDR[7]" is stuck at GND File: /home/aluno/GabsHelle/DE1_SOC_golden_top.v Line: 210
    Warning (13410): Pin "LEDR[8]" is stuck at GND File: /home/aluno/GabsHelle/DE1_SOC_golden_top.v Line: 210
    Warning (13410): Pin "LEDR[9]" is stuck at GND File: /home/aluno/GabsHelle/DE1_SOC_golden_top.v Line: 210
    Warning (13410): Pin "TD_RESET_N" is stuck at GND File: /home/aluno/GabsHelle/DE1_SOC_golden_top.v Line: 231
    Warning (13410): Pin "VGA_B[0]" is stuck at GND File: /home/aluno/GabsHelle/DE1_SOC_golden_top.v Line: 237
    Warning (13410): Pin "VGA_B[1]" is stuck at GND File: /home/aluno/GabsHelle/DE1_SOC_golden_top.v Line: 237
    Warning (13410): Pin "VGA_B[2]" is stuck at GND File: /home/aluno/GabsHelle/DE1_SOC_golden_top.v Line: 237
    Warning (13410): Pin "VGA_B[3]" is stuck at GND File: /home/aluno/GabsHelle/DE1_SOC_golden_top.v Line: 237
    Warning (13410): Pin "VGA_B[4]" is stuck at GND File: /home/aluno/GabsHelle/DE1_SOC_golden_top.v Line: 237
    Warning (13410): Pin "VGA_B[5]" is stuck at GND File: /home/aluno/GabsHelle/DE1_SOC_golden_top.v Line: 237
    Warning (13410): Pin "VGA_B[6]" is stuck at GND File: /home/aluno/GabsHelle/DE1_SOC_golden_top.v Line: 237
    Warning (13410): Pin "VGA_B[7]" is stuck at GND File: /home/aluno/GabsHelle/DE1_SOC_golden_top.v Line: 237
    Warning (13410): Pin "VGA_G[0]" is stuck at GND File: /home/aluno/GabsHelle/DE1_SOC_golden_top.v Line: 240
    Warning (13410): Pin "VGA_G[1]" is stuck at GND File: /home/aluno/GabsHelle/DE1_SOC_golden_top.v Line: 240
    Warning (13410): Pin "VGA_G[2]" is stuck at GND File: /home/aluno/GabsHelle/DE1_SOC_golden_top.v Line: 240
    Warning (13410): Pin "VGA_G[3]" is stuck at GND File: /home/aluno/GabsHelle/DE1_SOC_golden_top.v Line: 240
    Warning (13410): Pin "VGA_G[4]" is stuck at GND File: /home/aluno/GabsHelle/DE1_SOC_golden_top.v Line: 240
    Warning (13410): Pin "VGA_R[0]" is stuck at GND File: /home/aluno/GabsHelle/DE1_SOC_golden_top.v Line: 242
    Warning (13410): Pin "VGA_R[1]" is stuck at GND File: /home/aluno/GabsHelle/DE1_SOC_golden_top.v Line: 242
    Warning (13410): Pin "VGA_R[2]" is stuck at GND File: /home/aluno/GabsHelle/DE1_SOC_golden_top.v Line: 242
    Warning (13410): Pin "VGA_R[3]" is stuck at GND File: /home/aluno/GabsHelle/DE1_SOC_golden_top.v Line: 242
    Warning (13410): Pin "VGA_R[4]" is stuck at GND File: /home/aluno/GabsHelle/DE1_SOC_golden_top.v Line: 242
    Warning (13410): Pin "VGA_R[5]" is stuck at GND File: /home/aluno/GabsHelle/DE1_SOC_golden_top.v Line: 242
    Warning (13410): Pin "VGA_R[6]" is stuck at GND File: /home/aluno/GabsHelle/DE1_SOC_golden_top.v Line: 242
    Warning (13410): Pin "VGA_R[7]" is stuck at GND File: /home/aluno/GabsHelle/DE1_SOC_golden_top.v Line: 242
    Warning (13410): Pin "VGA_SYNC_N" is stuck at GND File: /home/aluno/GabsHelle/DE1_SOC_golden_top.v Line: 243
Info (286030): Timing-Driven Synthesis is running
Info (17049): 16 registers lost all their fanouts during netlist optimizations.
Info (16010): Generating hard_block partition "hard_block:auto_generated_inst"
    Info (16011): Adding 0 node(s), including 0 DDIO, 0 PLL, 0 transceiver and 0 LCELL
Warning (21074): Design contains 30 input pin(s) that do not drive logic
    Warning (15610): No output dependent on input pin "ADC_DOUT" File: /home/aluno/GabsHelle/DE1_SOC_golden_top.v Line: 61
    Warning (15610): No output dependent on input pin "AUD_ADCDAT" File: /home/aluno/GabsHelle/DE1_SOC_golden_top.v Line: 69
    Warning (15610): No output dependent on input pin "CLOCK2_50" File: /home/aluno/GabsHelle/DE1_SOC_golden_top.v Line: 80
    Warning (15610): No output dependent on input pin "CLOCK3_50" File: /home/aluno/GabsHelle/DE1_SOC_golden_top.v Line: 85
    Warning (15610): No output dependent on input pin "CLOCK4_50" File: /home/aluno/GabsHelle/DE1_SOC_golden_top.v Line: 90
    Warning (15610): No output dependent on input pin "IRDA_RXD" File: /home/aluno/GabsHelle/DE1_SOC_golden_top.v Line: 199
    Warning (15610): No output dependent on input pin "KEY[1]" File: /home/aluno/GabsHelle/DE1_SOC_golden_top.v Line: 205
    Warning (15610): No output dependent on input pin "KEY[2]" File: /home/aluno/GabsHelle/DE1_SOC_golden_top.v Line: 205
    Warning (15610): No output dependent on input pin "KEY[3]" File: /home/aluno/GabsHelle/DE1_SOC_golden_top.v Line: 205
    Warning (15610): No output dependent on input pin "SW[0]" File: /home/aluno/GabsHelle/DE1_SOC_golden_top.v Line: 223
    Warning (15610): No output dependent on input pin "SW[1]" File: /home/aluno/GabsHelle/DE1_SOC_golden_top.v Line: 223
    Warning (15610): No output dependent on input pin "SW[2]" File: /home/aluno/GabsHelle/DE1_SOC_golden_top.v Line: 223
    Warning (15610): No output dependent on input pin "SW[3]" File: /home/aluno/GabsHelle/DE1_SOC_golden_top.v Line: 223
    Warning (15610): No output dependent on input pin "SW[4]" File: /home/aluno/GabsHelle/DE1_SOC_golden_top.v Line: 223
    Warning (15610): No output dependent on input pin "SW[5]" File: /home/aluno/GabsHelle/DE1_SOC_golden_top.v Line: 223
    Warning (15610): No output dependent on input pin "SW[6]" File: /home/aluno/GabsHelle/DE1_SOC_golden_top.v Line: 223
    Warning (15610): No output dependent on input pin "SW[7]" File: /home/aluno/GabsHelle/DE1_SOC_golden_top.v Line: 223
    Warning (15610): No output dependent on input pin "SW[8]" File: /home/aluno/GabsHelle/DE1_SOC_golden_top.v Line: 223
    Warning (15610): No output dependent on input pin "SW[9]" File: /home/aluno/GabsHelle/DE1_SOC_golden_top.v Line: 223
    Warning (15610): No output dependent on input pin "TD_CLK27" File: /home/aluno/GabsHelle/DE1_SOC_golden_top.v Line: 228
    Warning (15610): No output dependent on input pin "TD_DATA[0]" File: /home/aluno/GabsHelle/DE1_SOC_golden_top.v Line: 229
    Warning (15610): No output dependent on input pin "TD_DATA[1]" File: /home/aluno/GabsHelle/DE1_SOC_golden_top.v Line: 229
    Warning (15610): No output dependent on input pin "TD_DATA[2]" File: /home/aluno/GabsHelle/DE1_SOC_golden_top.v Line: 229
    Warning (15610): No output dependent on input pin "TD_DATA[3]" File: /home/aluno/GabsHelle/DE1_SOC_golden_top.v Line: 229
    Warning (15610): No output dependent on input pin "TD_DATA[4]" File: /home/aluno/GabsHelle/DE1_SOC_golden_top.v Line: 229
    Warning (15610): No output dependent on input pin "TD_DATA[5]" File: /home/aluno/GabsHelle/DE1_SOC_golden_top.v Line: 229
    Warning (15610): No output dependent on input pin "TD_DATA[6]" File: /home/aluno/GabsHelle/DE1_SOC_golden_top.v Line: 229
    Warning (15610): No output dependent on input pin "TD_DATA[7]" File: /home/aluno/GabsHelle/DE1_SOC_golden_top.v Line: 229
    Warning (15610): No output dependent on input pin "TD_HS" File: /home/aluno/GabsHelle/DE1_SOC_golden_top.v Line: 230
    Warning (15610): No output dependent on input pin "TD_VS" File: /home/aluno/GabsHelle/DE1_SOC_golden_top.v Line: 232
Info (21057): Implemented 694 device resources after synthesis - the final resource count might be different
    Info (21058): Implemented 32 input pins
    Info (21059): Implemented 113 output pins
    Info (21060): Implemented 96 bidirectional pins
    Info (21061): Implemented 433 logic cells
    Info (21062): Implemented 20 DSP elements
Info: Quartus Prime Analysis & Synthesis was successful. 0 errors, 267 warnings
    Info: Peak virtual memory: 541 megabytes
    Info: Processing ended: Mon Aug 24 17:08:00 2026
    Info: Elapsed time: 00:00:05
    Info: Total CPU time (on all processors): 00:00:14


