------------------------------------------------------------
Timing Analyzer Summary
------------------------------------------------------------

Type  : Slow 1100mV 85C Model Setup 'resolucao_logica:comb_4|clock_25'
Slack : -12.355
TNS   : -178.580

Type  : Slow 1100mV 85C Model Setup 'CLOCK_50'
Slack : -3.375
TNS   : -3.375

Type  : Slow 1100mV 85C Model Hold 'resolucao_logica:comb_4|clock_25'
Slack : 1.011
TNS   : 0.000

Type  : Slow 1100mV 85C Model Hold 'CLOCK_50'
Slack : 1.335
TNS   : 0.000

Type  : Slow 1100mV 85C Model Minimum Pulse Width 'CLOCK_50'
Slack : -1.039
TNS   : -1.843

Type  : Slow 1100mV 85C Model Minimum Pulse Width 'resolucao_logica:comb_4|clock_25'
Slack : -0.394
TNS   : -21.029

Type  : Slow 1100mV 0C Model Setup 'resolucao_logica:comb_4|clock_25'
Slack : -12.377
TNS   : -174.137

Type  : Slow 1100mV 0C Model Setup 'CLOCK_50'
Slack : -3.241
TNS   : -3.241

Type  : Slow 1100mV 0C Model Hold 'resolucao_logica:comb_4|clock_25'
Slack : 0.982
TNS   : 0.000

Type  : Slow 1100mV 0C Model Hold 'CLOCK_50'
Slack : 1.335
TNS   : 0.000

Type  : Slow 1100mV 0C Model Minimum Pulse Width 'CLOCK_50'
Slack : -1.069
TNS   : -1.927

Type  : Slow 1100mV 0C Model Minimum Pulse Width 'resolucao_logica:comb_4|clock_25'
Slack : -0.394
TNS   : -20.612

Type  : Fast 1100mV 85C Model Setup 'resolucao_logica:comb_4|clock_25'
Slack : -6.856
TNS   : -100.337

Type  : Fast 1100mV 85C Model Setup 'CLOCK_50'
Slack : -2.685
TNS   : -2.685

Type  : Fast 1100mV 85C Model Hold 'resolucao_logica:comb_4|clock_25'
Slack : 0.568
TNS   : 0.000

Type  : Fast 1100mV 85C Model Hold 'CLOCK_50'
Slack : 1.385
TNS   : 0.000

Type  : Fast 1100mV 85C Model Minimum Pulse Width 'CLOCK_50'
Slack : -1.015
TNS   : -1.846

Type  : Fast 1100mV 85C Model Minimum Pulse Width 'resolucao_logica:comb_4|clock_25'
Slack : -0.038
TNS   : -0.074

Type  : Fast 1100mV 0C Model Setup 'resolucao_logica:comb_4|clock_25'
Slack : -6.289
TNS   : -88.275

Type  : Fast 1100mV 0C Model Setup 'CLOCK_50'
Slack : -2.318
TNS   : -2.318

Type  : Fast 1100mV 0C Model Hold 'resolucao_logica:comb_4|clock_25'
Slack : 0.516
TNS   : 0.000

Type  : Fast 1100mV 0C Model Hold 'CLOCK_50'
Slack : 1.154
TNS   : 0.000

Type  : Fast 1100mV 0C Model Minimum Pulse Width 'CLOCK_50'
Slack : -1.033
TNS   : -1.938

Type  : Fast 1100mV 0C Model Minimum Pulse Width 'resolucao_logica:comb_4|clock_25'
Slack : 0.009
TNS   : 0.000

------------------------------------------------------------
