Analysis & Synthesis report for CoprocessadorGrafico
Tue Sep  1 09:11:43 2026
Quartus Prime Version 25.1std.0 Build 1129 10/21/2025 SC Lite Edition


---------------------
; Table of Contents ;
---------------------
  1. Legal Notice
  2. Analysis & Synthesis Summary
  3. Analysis & Synthesis Settings
  4. Parallel Compilation
  5. Analysis & Synthesis IP Cores Summary
  6. Analysis & Synthesis Messages



----------------
; Legal Notice ;
----------------
Copyright (C) 2025  Altera Corporation. All rights reserved.
Your use of Altera Corporation's design tools, logic functions 
and other software and tools, and any partner logic 
functions, and any output files from any of the foregoing 
(including device programming or simulation files), and any 
associated documentation or information are expressly subject 
to the terms and conditions of the Altera Program License 
Subscription Agreement, the Altera Quartus Prime License Agreement,
the Altera IP License Agreement, or other applicable license
agreement, including, without limitation, that your use is for
the sole purpose of programming logic devices manufactured by
Altera and sold by Altera or its authorized distributors.  Please
refer to the Altera Software License Subscription Agreements 
on the Quartus Prime software download page.



+-------------------------------------------------------------------------------+
; Analysis & Synthesis Summary                                                  ;
+-----------------------------+-------------------------------------------------+
; Analysis & Synthesis Status ; Failed - Tue Sep  1 09:11:43 2026               ;
; Quartus Prime Version       ; 25.1std.0 Build 1129 10/21/2025 SC Lite Edition ;
; Revision Name               ; CoprocessadorGrafico                            ;
; Top-level Entity Name       ; DE1_SOC_golden_top                              ;
; Family                      ; Cyclone V                                       ;
; Logic utilization (in ALMs) ; N/A until Partition Merge                       ;
; Total registers             ; N/A until Partition Merge                       ;
; Total pins                  ; N/A until Partition Merge                       ;
; Total virtual pins          ; N/A until Partition Merge                       ;
; Total block memory bits     ; N/A until Partition Merge                       ;
; Total PLLs                  ; N/A until Partition Merge                       ;
; Total DLLs                  ; N/A until Partition Merge                       ;
+-----------------------------+-------------------------------------------------+


+-----------------------------------------------------------------------------------------------------------------------------+
; Analysis & Synthesis Settings                                                                                               ;
+---------------------------------------------------------------------------------+--------------------+----------------------+
; Option                                                                          ; Setting            ; Default Value        ;
+---------------------------------------------------------------------------------+--------------------+----------------------+
; Device                                                                          ; 5CSEMA5F31C6       ;                      ;
; Top-level entity name                                                           ; DE1_SOC_golden_top ; CoprocessadorGrafico ;
; Family name                                                                     ; Cyclone V          ; Cyclone V            ;
; Use smart compilation                                                           ; Off                ; Off                  ;
; Enable parallel Assembler and Timing Analyzer during compilation                ; On                 ; On                   ;
; Enable compact report table                                                     ; Off                ; Off                  ;
; Restructure Multiplexers                                                        ; Auto               ; Auto                 ;
; MLAB Add Timing Constraints For Mixed-Port Feed-Through Mode Setting Don't Care ; Off                ; Off                  ;
; Create Debugging Nodes for IP Cores                                             ; Off                ; Off                  ;
; Preserve fewer node names                                                       ; On                 ; On                   ;
; Intel FPGA IP Evaluation Mode                                                   ; Enable             ; Enable               ;
; Verilog Version                                                                 ; Verilog_2001       ; Verilog_2001         ;
; VHDL Version                                                                    ; VHDL_1993          ; VHDL_1993            ;
; State Machine Processing                                                        ; Auto               ; Auto                 ;
; Safe State Machine                                                              ; Off                ; Off                  ;
; Extract Verilog State Machines                                                  ; On                 ; On                   ;
; Extract VHDL State Machines                                                     ; On                 ; On                   ;
; Ignore Verilog initial constructs                                               ; Off                ; Off                  ;
; Iteration limit for constant Verilog loops                                      ; 5000               ; 5000                 ;
; Iteration limit for non-constant Verilog loops                                  ; 250                ; 250                  ;
; Add Pass-Through Logic to Inferred RAMs                                         ; On                 ; On                   ;
; Infer RAMs from Raw Logic                                                       ; On                 ; On                   ;
; Parallel Synthesis                                                              ; On                 ; On                   ;
; DSP Block Balancing                                                             ; Auto               ; Auto                 ;
; NOT Gate Push-Back                                                              ; On                 ; On                   ;
; Power-Up Don't Care                                                             ; On                 ; On                   ;
; Remove Redundant Logic Cells                                                    ; Off                ; Off                  ;
; Remove Duplicate Registers                                                      ; On                 ; On                   ;
; Ignore CARRY Buffers                                                            ; Off                ; Off                  ;
; Ignore CASCADE Buffers                                                          ; Off                ; Off                  ;
; Ignore GLOBAL Buffers                                                           ; Off                ; Off                  ;
; Ignore ROW GLOBAL Buffers                                                       ; Off                ; Off                  ;
; Ignore LCELL Buffers                                                            ; Off                ; Off                  ;
; Ignore SOFT Buffers                                                             ; On                 ; On                   ;
; Limit AHDL Integers to 32 Bits                                                  ; Off                ; Off                  ;
; Optimization Technique                                                          ; Balanced           ; Balanced             ;
; Carry Chain Length                                                              ; 70                 ; 70                   ;
; Auto Carry Chains                                                               ; On                 ; On                   ;
; Auto Open-Drain Pins                                                            ; On                 ; On                   ;
; Perform WYSIWYG Primitive Resynthesis                                           ; Off                ; Off                  ;
; Auto ROM Replacement                                                            ; On                 ; On                   ;
; Auto RAM Replacement                                                            ; On                 ; On                   ;
; Auto DSP Block Replacement                                                      ; On                 ; On                   ;
; Auto Shift Register Replacement                                                 ; Auto               ; Auto                 ;
; Allow Shift Register Merging across Hierarchies                                 ; Auto               ; Auto                 ;
; Auto Clock Enable Replacement                                                   ; On                 ; On                   ;
; Strict RAM Replacement                                                          ; Off                ; Off                  ;
; Allow Synchronous Control Signals                                               ; On                 ; On                   ;
; Force Use of Synchronous Clear Signals                                          ; Off                ; Off                  ;
; Auto Resource Sharing                                                           ; Off                ; Off                  ;
; Allow Any RAM Size For Recognition                                              ; Off                ; Off                  ;
; Allow Any ROM Size For Recognition                                              ; Off                ; Off                  ;
; Allow Any Shift Register Size For Recognition                                   ; Off                ; Off                  ;
; Use LogicLock Constraints during Resource Balancing                             ; On                 ; On                   ;
; Ignore translate_off and synthesis_off directives                               ; Off                ; Off                  ;
; Timing-Driven Synthesis                                                         ; On                 ; On                   ;
; Report Parameter Settings                                                       ; On                 ; On                   ;
; Report Source Assignments                                                       ; On                 ; On                   ;
; Report Connectivity Checks                                                      ; On                 ; On                   ;
; Ignore Maximum Fan-Out Assignments                                              ; Off                ; Off                  ;
; Synchronization Register Chain Length                                           ; 3                  ; 3                    ;
; Power Optimization During Synthesis                                             ; Normal compilation ; Normal compilation   ;
; HDL message level                                                               ; Level2             ; Level2               ;
; Suppress Register Optimization Related Messages                                 ; Off                ; Off                  ;
; Number of Removed Registers Reported in Synthesis Report                        ; 5000               ; 5000                 ;
; Number of Swept Nodes Reported in Synthesis Report                              ; 5000               ; 5000                 ;
; Number of Inverted Registers Reported in Synthesis Report                       ; 100                ; 100                  ;
; Clock MUX Protection                                                            ; On                 ; On                   ;
; Auto Gated Clock Conversion                                                     ; Off                ; Off                  ;
; Block Design Naming                                                             ; Auto               ; Auto                 ;
; SDC constraint protection                                                       ; Off                ; Off                  ;
; Synthesis Effort                                                                ; Auto               ; Auto                 ;
; Shift Register Replacement - Allow Asynchronous Clear Signal                    ; On                 ; On                   ;
; Pre-Mapping Resynthesis Optimization                                            ; Off                ; Off                  ;
; Analysis & Synthesis Message Level                                              ; Medium             ; Medium               ;
; Disable Register Merging Across Hierarchies                                     ; Auto               ; Auto                 ;
; Resource Aware Inference For Block RAM                                          ; On                 ; On                   ;
; Automatic Parallel Synthesis                                                    ; On                 ; On                   ;
; Partial Reconfiguration Bitstream ID                                            ; Off                ; Off                  ;
+---------------------------------------------------------------------------------+--------------------+----------------------+


+------------------------------------------+
; Parallel Compilation                     ;
+----------------------------+-------------+
; Processors                 ; Number      ;
+----------------------------+-------------+
; Number detected on machine ; 8           ;
; Maximum allowed            ; 6           ;
;                            ;             ;
; Average used               ; 1.00        ;
; Maximum used               ; 1           ;
;                            ;             ;
; Usage by Processor         ; % Time Used ;
;     Processor 1            ; 100.0%      ;
+----------------------------+-------------+


+------------------------------------------------------------------------------------------------------------------------------------------------------------------------+
; Analysis & Synthesis IP Cores Summary                                                                                                                                  ;
+--------+--------------+---------+--------------+--------------+--------------------------------------------------------------------------------------+-----------------+
; Vendor ; IP Core Name ; Version ; Release Date ; License Type ; Entity Instance                                                                      ; IP Include File ;
+--------+--------------+---------+--------------+--------------+--------------------------------------------------------------------------------------+-----------------+
; Altera ; RAM: 2-PORT  ; 25.1    ; N/A          ; N/A          ; |DE1_SOC_golden_top|top_sistema:comb_4|resolucao_logica:u_resolucao|RAMVIDEO:comb_59 ; RAMVIDEO.v      ;
; Altera ; RAM: 2-PORT  ; 25.1    ; N/A          ; N/A          ; |DE1_SOC_golden_top|top_sistema:comb_4|resolucao_logica:u_resolucao|RAMVIDEO:comb_60 ; RAMVIDEO.v      ;
+--------+--------------+---------+--------------+--------------+--------------------------------------------------------------------------------------+-----------------+


+-------------------------------+
; Analysis & Synthesis Messages ;
+-------------------------------+
Info: *******************************************************************
Info: Running Quartus Prime Analysis & Synthesis
    Info: Version 25.1std.0 Build 1129 10/21/2025 SC Lite Edition
    Info: Processing started: Tue Sep  1 09:11:36 2026
Info: Command: quartus_map --read_settings_files=on --write_settings_files=off CoprocessadorGrafico -c CoprocessadorGrafico
Warning (18236): Number of processors has not been specified which may cause overloading on shared machines.  Set the global assignment NUM_PARALLEL_PROCESSORS in your QSF to an appropriate value for best performance.
Info (20030): Parallel compilation is enabled and will use 6 of the 6 processors detected
Info (12021): Found 1 design units, including 1 entities, in source file motorPol.v
    Info (12023): Found entity 1: motorPol File: /home/gabs/Downloads/PROJETO/PROJETO/motorPol.v Line: 1
Info (12021): Found 1 design units, including 1 entities, in source file CLOCK_100MGH.v
    Info (12023): Found entity 1: CLOCK_100MGH File: /home/gabs/Downloads/PROJETO/PROJETO/CLOCK_100MGH.v Line: 8
Info (12021): Found 1 design units, including 1 entities, in source file CLOCK_100MGH/CLOCK_100MGH_0002.v
    Info (12023): Found entity 1: CLOCK_100MGH_0002 File: /home/gabs/Downloads/PROJETO/PROJETO/CLOCK_100MGH/CLOCK_100MGH_0002.v Line: 2
Info (12021): Found 1 design units, including 1 entities, in source file vga_driver.v
    Info (12023): Found entity 1: vga_driver File: /home/gabs/Downloads/PROJETO/PROJETO/vga_driver.v Line: 1
Info (12021): Found 1 design units, including 1 entities, in source file resolucao_logica.v
    Info (12023): Found entity 1: resolucao_logica File: /home/gabs/Downloads/PROJETO/PROJETO/resolucao_logica.v Line: 1
Info (12021): Found 1 design units, including 1 entities, in source file poligono_gerador.v
    Info (12023): Found entity 1: poligono_gerador File: /home/gabs/Downloads/PROJETO/PROJETO/poligono_gerador.v Line: 1
Info (12021): Found 1 design units, including 1 entities, in source file DE1_SOC_golden_top.v
    Info (12023): Found entity 1: DE1_SOC_golden_top File: /home/gabs/Downloads/PROJETO/PROJETO/DE1_SOC_golden_top.v Line: 54
Info (12021): Found 1 design units, including 1 entities, in source file RAMVIDEO.v
    Info (12023): Found entity 1: RAMVIDEO File: /home/gabs/Downloads/PROJETO/PROJETO/RAMVIDEO.v Line: 40
Info (12021): Found 1 design units, including 1 entities, in source file contadorVid.v
    Info (12023): Found entity 1: contadorVid File: /home/gabs/Downloads/PROJETO/PROJETO/contadorVid.v Line: 1
Info (12021): Found 1 design units, including 1 entities, in source file MEF_geral_layer.v
    Info (12023): Found entity 1: MEF_geral_layer File: /home/gabs/Downloads/PROJETO/PROJETO/MEF_geral_layer.v Line: 1
Info (12021): Found 1 design units, including 1 entities, in source file output_files/motorBack_Ground.v
    Info (12023): Found entity 1: motorBack_Ground File: /home/gabs/Downloads/PROJETO/PROJETO/output_files/motorBack_Ground.v Line: 1
Info (12021): Found 1 design units, including 1 entities, in source file background_ram.v
    Info (12023): Found entity 1: background_ram File: /home/gabs/Downloads/PROJETO/PROJETO/background_ram.v Line: 40
Info (12021): Found 1 design units, including 1 entities, in source file controlador_MEF.v
    Info (12023): Found entity 1: controlador_MEF File: /home/gabs/Downloads/PROJETO/PROJETO/controlador_MEF.v Line: 1
Info (12021): Found 1 design units, including 1 entities, in source file motorSprites_Blitter.v
    Info (12023): Found entity 1: motorSprites_Blitter File: /home/gabs/Downloads/PROJETO/PROJETO/motorSprites_Blitter.v Line: 1
Info (12021): Found 1 design units, including 1 entities, in source file rising_edge_detector.v
    Info (12023): Found entity 1: rising_edge_detector File: /home/gabs/Downloads/PROJETO/PROJETO/rising_edge_detector.v Line: 1
Info (12021): Found 1 design units, including 1 entities, in source file motorVideoTop.v
    Info (12023): Found entity 1: motorVideoTop File: /home/gabs/Downloads/PROJETO/PROJETO/motorVideoTop.v Line: 1
Info (12021): Found 1 design units, including 1 entities, in source file top_sistema.v
    Info (12023): Found entity 1: top_sistema File: /home/gabs/Downloads/PROJETO/PROJETO/top_sistema.v Line: 1
Warning (10236): Verilog HDL Implicit Net warning at DE1_SOC_golden_top.v(265): created implicit net for "locked" File: /home/gabs/Downloads/PROJETO/PROJETO/DE1_SOC_golden_top.v Line: 265
Warning (10236): Verilog HDL Implicit Net warning at motorVideoTop.v(61): created implicit net for "enableBG" File: /home/gabs/Downloads/PROJETO/PROJETO/motorVideoTop.v Line: 61
Critical Warning (10846): Verilog HDL Instantiation warning at resolucao_logica.v(76): instance has no name File: /home/gabs/Downloads/PROJETO/PROJETO/resolucao_logica.v Line: 76
Critical Warning (10846): Verilog HDL Instantiation warning at resolucao_logica.v(85): instance has no name File: /home/gabs/Downloads/PROJETO/PROJETO/resolucao_logica.v Line: 85
Critical Warning (10846): Verilog HDL Instantiation warning at resolucao_logica.v(105): instance has no name File: /home/gabs/Downloads/PROJETO/PROJETO/resolucao_logica.v Line: 105
Critical Warning (10846): Verilog HDL Instantiation warning at DE1_SOC_golden_top.v(265): instance has no name File: /home/gabs/Downloads/PROJETO/PROJETO/DE1_SOC_golden_top.v Line: 265
Critical Warning (10846): Verilog HDL Instantiation warning at MEF_geral_layer.v(120): instance has no name File: /home/gabs/Downloads/PROJETO/PROJETO/MEF_geral_layer.v Line: 120
Critical Warning (10846): Verilog HDL Instantiation warning at motorVideoTop.v(63): instance has no name File: /home/gabs/Downloads/PROJETO/PROJETO/motorVideoTop.v Line: 63
Critical Warning (10846): Verilog HDL Instantiation warning at motorBack_Ground.v(97): instance has no name File: /home/gabs/Downloads/PROJETO/PROJETO/output_files/motorBack_Ground.v Line: 97
Critical Warning (10846): Verilog HDL Instantiation warning at motorVideoTop.v(90): instance has no name File: /home/gabs/Downloads/PROJETO/PROJETO/motorVideoTop.v Line: 90
Critical Warning (10846): Verilog HDL Instantiation warning at DE1_SOC_golden_top.v(286): instance has no name File: /home/gabs/Downloads/PROJETO/PROJETO/DE1_SOC_golden_top.v Line: 286
Info (12127): Elaborating entity "DE1_SOC_golden_top" for the top level hierarchy
Warning (10034): Output port "DRAM_ADDR" at DE1_SOC_golden_top.v(100) has no driver File: /home/gabs/Downloads/PROJETO/PROJETO/DE1_SOC_golden_top.v Line: 100
Warning (10034): Output port "DRAM_BA" at DE1_SOC_golden_top.v(101) has no driver File: /home/gabs/Downloads/PROJETO/PROJETO/DE1_SOC_golden_top.v Line: 101
Warning (10034): Output port "HEX0" at DE1_SOC_golden_top.v(133) has no driver File: /home/gabs/Downloads/PROJETO/PROJETO/DE1_SOC_golden_top.v Line: 133
Warning (10034): Output port "HEX1" at DE1_SOC_golden_top.v(134) has no driver File: /home/gabs/Downloads/PROJETO/PROJETO/DE1_SOC_golden_top.v Line: 134
Warning (10034): Output port "HEX2" at DE1_SOC_golden_top.v(135) has no driver File: /home/gabs/Downloads/PROJETO/PROJETO/DE1_SOC_golden_top.v Line: 135
Warning (10034): Output port "HEX3" at DE1_SOC_golden_top.v(136) has no driver File: /home/gabs/Downloads/PROJETO/PROJETO/DE1_SOC_golden_top.v Line: 136
Warning (10034): Output port "HEX4" at DE1_SOC_golden_top.v(137) has no driver File: /home/gabs/Downloads/PROJETO/PROJETO/DE1_SOC_golden_top.v Line: 137
Warning (10034): Output port "HEX5" at DE1_SOC_golden_top.v(138) has no driver File: /home/gabs/Downloads/PROJETO/PROJETO/DE1_SOC_golden_top.v Line: 138
Warning (10034): Output port "LEDR[9..4]" at DE1_SOC_golden_top.v(210) has no driver File: /home/gabs/Downloads/PROJETO/PROJETO/DE1_SOC_golden_top.v Line: 210
Warning (10034): Output port "ADC_CONVST" at DE1_SOC_golden_top.v(59) has no driver File: /home/gabs/Downloads/PROJETO/PROJETO/DE1_SOC_golden_top.v Line: 59
Warning (10034): Output port "ADC_DIN" at DE1_SOC_golden_top.v(60) has no driver File: /home/gabs/Downloads/PROJETO/PROJETO/DE1_SOC_golden_top.v Line: 60
Warning (10034): Output port "ADC_SCLK" at DE1_SOC_golden_top.v(62) has no driver File: /home/gabs/Downloads/PROJETO/PROJETO/DE1_SOC_golden_top.v Line: 62
Warning (10034): Output port "AUD_DACDAT" at DE1_SOC_golden_top.v(72) has no driver File: /home/gabs/Downloads/PROJETO/PROJETO/DE1_SOC_golden_top.v Line: 72
Warning (10034): Output port "AUD_XCK" at DE1_SOC_golden_top.v(74) has no driver File: /home/gabs/Downloads/PROJETO/PROJETO/DE1_SOC_golden_top.v Line: 74
Warning (10034): Output port "DRAM_CAS_N" at DE1_SOC_golden_top.v(102) has no driver File: /home/gabs/Downloads/PROJETO/PROJETO/DE1_SOC_golden_top.v Line: 102
Warning (10034): Output port "DRAM_CKE" at DE1_SOC_golden_top.v(103) has no driver File: /home/gabs/Downloads/PROJETO/PROJETO/DE1_SOC_golden_top.v Line: 103
Warning (10034): Output port "DRAM_CLK" at DE1_SOC_golden_top.v(104) has no driver File: /home/gabs/Downloads/PROJETO/PROJETO/DE1_SOC_golden_top.v Line: 104
Warning (10034): Output port "DRAM_CS_N" at DE1_SOC_golden_top.v(105) has no driver File: /home/gabs/Downloads/PROJETO/PROJETO/DE1_SOC_golden_top.v Line: 105
Warning (10034): Output port "DRAM_LDQM" at DE1_SOC_golden_top.v(107) has no driver File: /home/gabs/Downloads/PROJETO/PROJETO/DE1_SOC_golden_top.v Line: 107
Warning (10034): Output port "DRAM_RAS_N" at DE1_SOC_golden_top.v(108) has no driver File: /home/gabs/Downloads/PROJETO/PROJETO/DE1_SOC_golden_top.v Line: 108
Warning (10034): Output port "DRAM_UDQM" at DE1_SOC_golden_top.v(109) has no driver File: /home/gabs/Downloads/PROJETO/PROJETO/DE1_SOC_golden_top.v Line: 109
Warning (10034): Output port "DRAM_WE_N" at DE1_SOC_golden_top.v(110) has no driver File: /home/gabs/Downloads/PROJETO/PROJETO/DE1_SOC_golden_top.v Line: 110
Warning (10034): Output port "FAN_CTRL" at DE1_SOC_golden_top.v(115) has no driver File: /home/gabs/Downloads/PROJETO/PROJETO/DE1_SOC_golden_top.v Line: 115
Warning (10034): Output port "FPGA_I2C_SCLK" at DE1_SOC_golden_top.v(120) has no driver File: /home/gabs/Downloads/PROJETO/PROJETO/DE1_SOC_golden_top.v Line: 120
Warning (10034): Output port "IRDA_TXD" at DE1_SOC_golden_top.v(200) has no driver File: /home/gabs/Downloads/PROJETO/PROJETO/DE1_SOC_golden_top.v Line: 200
Warning (10034): Output port "TD_RESET_N" at DE1_SOC_golden_top.v(231) has no driver File: /home/gabs/Downloads/PROJETO/PROJETO/DE1_SOC_golden_top.v Line: 231
Info (12128): Elaborating entity "CLOCK_100MGH" for hierarchy "CLOCK_100MGH:comb_3" File: /home/gabs/Downloads/PROJETO/PROJETO/DE1_SOC_golden_top.v Line: 265
Info (12128): Elaborating entity "CLOCK_100MGH_0002" for hierarchy "CLOCK_100MGH:comb_3|CLOCK_100MGH_0002:clock_100mgh_inst" File: /home/gabs/Downloads/PROJETO/PROJETO/CLOCK_100MGH.v Line: 20
Info (12128): Elaborating entity "altera_pll" for hierarchy "CLOCK_100MGH:comb_3|CLOCK_100MGH_0002:clock_100mgh_inst|altera_pll:altera_pll_i" File: /home/gabs/Downloads/PROJETO/PROJETO/CLOCK_100MGH/CLOCK_100MGH_0002.v Line: 85
Info (10008): Verilog HDL or VHDL information: EDA Netlist Writer cannot regroup multidimensional array "wire_to_nowhere_64" into its bus
Info (12130): Elaborated megafunction instantiation "CLOCK_100MGH:comb_3|CLOCK_100MGH_0002:clock_100mgh_inst|altera_pll:altera_pll_i" File: /home/gabs/Downloads/PROJETO/PROJETO/CLOCK_100MGH/CLOCK_100MGH_0002.v Line: 85
Info (12133): Instantiated megafunction "CLOCK_100MGH:comb_3|CLOCK_100MGH_0002:clock_100mgh_inst|altera_pll:altera_pll_i" with the following parameter: File: /home/gabs/Downloads/PROJETO/PROJETO/CLOCK_100MGH/CLOCK_100MGH_0002.v Line: 85
    Info (12134): Parameter "fractional_vco_multiplier" = "false"
    Info (12134): Parameter "reference_clock_frequency" = "50.0 MHz"
    Info (12134): Parameter "operation_mode" = "direct"
    Info (12134): Parameter "number_of_clocks" = "1"
    Info (12134): Parameter "output_clock_frequency0" = "100.000000 MHz"
    Info (12134): Parameter "phase_shift0" = "0 ps"
    Info (12134): Parameter "duty_cycle0" = "50"
    Info (12134): Parameter "output_clock_frequency1" = "0 MHz"
    Info (12134): Parameter "phase_shift1" = "0 ps"
    Info (12134): Parameter "duty_cycle1" = "50"
    Info (12134): Parameter "output_clock_frequency2" = "0 MHz"
    Info (12134): Parameter "phase_shift2" = "0 ps"
    Info (12134): Parameter "duty_cycle2" = "50"
    Info (12134): Parameter "output_clock_frequency3" = "0 MHz"
    Info (12134): Parameter "phase_shift3" = "0 ps"
    Info (12134): Parameter "duty_cycle3" = "50"
    Info (12134): Parameter "output_clock_frequency4" = "0 MHz"
    Info (12134): Parameter "phase_shift4" = "0 ps"
    Info (12134): Parameter "duty_cycle4" = "50"
    Info (12134): Parameter "output_clock_frequency5" = "0 MHz"
    Info (12134): Parameter "phase_shift5" = "0 ps"
    Info (12134): Parameter "duty_cycle5" = "50"
    Info (12134): Parameter "output_clock_frequency6" = "0 MHz"
    Info (12134): Parameter "phase_shift6" = "0 ps"
    Info (12134): Parameter "duty_cycle6" = "50"
    Info (12134): Parameter "output_clock_frequency7" = "0 MHz"
    Info (12134): Parameter "phase_shift7" = "0 ps"
    Info (12134): Parameter "duty_cycle7" = "50"
    Info (12134): Parameter "output_clock_frequency8" = "0 MHz"
    Info (12134): Parameter "phase_shift8" = "0 ps"
    Info (12134): Parameter "duty_cycle8" = "50"
    Info (12134): Parameter "output_clock_frequency9" = "0 MHz"
    Info (12134): Parameter "phase_shift9" = "0 ps"
    Info (12134): Parameter "duty_cycle9" = "50"
    Info (12134): Parameter "output_clock_frequency10" = "0 MHz"
    Info (12134): Parameter "phase_shift10" = "0 ps"
    Info (12134): Parameter "duty_cycle10" = "50"
    Info (12134): Parameter "output_clock_frequency11" = "0 MHz"
    Info (12134): Parameter "phase_shift11" = "0 ps"
    Info (12134): Parameter "duty_cycle11" = "50"
    Info (12134): Parameter "output_clock_frequency12" = "0 MHz"
    Info (12134): Parameter "phase_shift12" = "0 ps"
    Info (12134): Parameter "duty_cycle12" = "50"
    Info (12134): Parameter "output_clock_frequency13" = "0 MHz"
    Info (12134): Parameter "phase_shift13" = "0 ps"
    Info (12134): Parameter "duty_cycle13" = "50"
    Info (12134): Parameter "output_clock_frequency14" = "0 MHz"
    Info (12134): Parameter "phase_shift14" = "0 ps"
    Info (12134): Parameter "duty_cycle14" = "50"
    Info (12134): Parameter "output_clock_frequency15" = "0 MHz"
    Info (12134): Parameter "phase_shift15" = "0 ps"
    Info (12134): Parameter "duty_cycle15" = "50"
    Info (12134): Parameter "output_clock_frequency16" = "0 MHz"
    Info (12134): Parameter "phase_shift16" = "0 ps"
    Info (12134): Parameter "duty_cycle16" = "50"
    Info (12134): Parameter "output_clock_frequency17" = "0 MHz"
    Info (12134): Parameter "phase_shift17" = "0 ps"
    Info (12134): Parameter "duty_cycle17" = "50"
    Info (12134): Parameter "pll_type" = "General"
    Info (12134): Parameter "pll_subtype" = "General"
Info (12128): Elaborating entity "top_sistema" for hierarchy "top_sistema:comb_4" File: /home/gabs/Downloads/PROJETO/PROJETO/DE1_SOC_golden_top.v Line: 286
Info (12128): Elaborating entity "controlador_MEF" for hierarchy "top_sistema:comb_4|controlador_MEF:u_controlador" File: /home/gabs/Downloads/PROJETO/PROJETO/top_sistema.v Line: 75
Info (12128): Elaborating entity "motorVideoTop" for hierarchy "top_sistema:comb_4|motorVideoTop:u_video" File: /home/gabs/Downloads/PROJETO/PROJETO/top_sistema.v Line: 108
Warning (10240): Verilog HDL Always Construct warning at motorVideoTop.v(141): inferring latch(es) for variable "address", which holds its previous value in one or more paths through the always construct File: /home/gabs/Downloads/PROJETO/PROJETO/motorVideoTop.v Line: 141
Warning (10240): Verilog HDL Always Construct warning at motorVideoTop.v(141): inferring latch(es) for variable "pixel", which holds its previous value in one or more paths through the always construct File: /home/gabs/Downloads/PROJETO/PROJETO/motorVideoTop.v Line: 141
Warning (10240): Verilog HDL Always Construct warning at motorVideoTop.v(141): inferring latch(es) for variable "wren", which holds its previous value in one or more paths through the always construct File: /home/gabs/Downloads/PROJETO/PROJETO/motorVideoTop.v Line: 141
Info (10041): Inferred latch for "wren" at motorVideoTop.v(144) File: /home/gabs/Downloads/PROJETO/PROJETO/motorVideoTop.v Line: 144
Info (10041): Inferred latch for "pixel[0]" at motorVideoTop.v(144) File: /home/gabs/Downloads/PROJETO/PROJETO/motorVideoTop.v Line: 144
Info (10041): Inferred latch for "pixel[1]" at motorVideoTop.v(144) File: /home/gabs/Downloads/PROJETO/PROJETO/motorVideoTop.v Line: 144
Info (10041): Inferred latch for "pixel[2]" at motorVideoTop.v(144) File: /home/gabs/Downloads/PROJETO/PROJETO/motorVideoTop.v Line: 144
Info (10041): Inferred latch for "pixel[3]" at motorVideoTop.v(144) File: /home/gabs/Downloads/PROJETO/PROJETO/motorVideoTop.v Line: 144
Info (10041): Inferred latch for "pixel[4]" at motorVideoTop.v(144) File: /home/gabs/Downloads/PROJETO/PROJETO/motorVideoTop.v Line: 144
Info (10041): Inferred latch for "pixel[5]" at motorVideoTop.v(144) File: /home/gabs/Downloads/PROJETO/PROJETO/motorVideoTop.v Line: 144
Info (10041): Inferred latch for "pixel[6]" at motorVideoTop.v(144) File: /home/gabs/Downloads/PROJETO/PROJETO/motorVideoTop.v Line: 144
Info (10041): Inferred latch for "pixel[7]" at motorVideoTop.v(144) File: /home/gabs/Downloads/PROJETO/PROJETO/motorVideoTop.v Line: 144
Info (10041): Inferred latch for "address[0]" at motorVideoTop.v(144) File: /home/gabs/Downloads/PROJETO/PROJETO/motorVideoTop.v Line: 144
Info (10041): Inferred latch for "address[1]" at motorVideoTop.v(144) File: /home/gabs/Downloads/PROJETO/PROJETO/motorVideoTop.v Line: 144
Info (10041): Inferred latch for "address[2]" at motorVideoTop.v(144) File: /home/gabs/Downloads/PROJETO/PROJETO/motorVideoTop.v Line: 144
Info (10041): Inferred latch for "address[3]" at motorVideoTop.v(144) File: /home/gabs/Downloads/PROJETO/PROJETO/motorVideoTop.v Line: 144
Info (10041): Inferred latch for "address[4]" at motorVideoTop.v(144) File: /home/gabs/Downloads/PROJETO/PROJETO/motorVideoTop.v Line: 144
Info (10041): Inferred latch for "address[5]" at motorVideoTop.v(144) File: /home/gabs/Downloads/PROJETO/PROJETO/motorVideoTop.v Line: 144
Info (10041): Inferred latch for "address[6]" at motorVideoTop.v(144) File: /home/gabs/Downloads/PROJETO/PROJETO/motorVideoTop.v Line: 144
Info (10041): Inferred latch for "address[7]" at motorVideoTop.v(144) File: /home/gabs/Downloads/PROJETO/PROJETO/motorVideoTop.v Line: 144
Info (10041): Inferred latch for "address[8]" at motorVideoTop.v(144) File: /home/gabs/Downloads/PROJETO/PROJETO/motorVideoTop.v Line: 144
Info (10041): Inferred latch for "address[9]" at motorVideoTop.v(144) File: /home/gabs/Downloads/PROJETO/PROJETO/motorVideoTop.v Line: 144
Info (10041): Inferred latch for "address[10]" at motorVideoTop.v(144) File: /home/gabs/Downloads/PROJETO/PROJETO/motorVideoTop.v Line: 144
Info (10041): Inferred latch for "address[11]" at motorVideoTop.v(144) File: /home/gabs/Downloads/PROJETO/PROJETO/motorVideoTop.v Line: 144
Info (10041): Inferred latch for "address[12]" at motorVideoTop.v(144) File: /home/gabs/Downloads/PROJETO/PROJETO/motorVideoTop.v Line: 144
Info (10041): Inferred latch for "address[13]" at motorVideoTop.v(144) File: /home/gabs/Downloads/PROJETO/PROJETO/motorVideoTop.v Line: 144
Info (10041): Inferred latch for "address[14]" at motorVideoTop.v(144) File: /home/gabs/Downloads/PROJETO/PROJETO/motorVideoTop.v Line: 144
Info (10041): Inferred latch for "address[15]" at motorVideoTop.v(144) File: /home/gabs/Downloads/PROJETO/PROJETO/motorVideoTop.v Line: 144
Info (10041): Inferred latch for "address[16]" at motorVideoTop.v(144) File: /home/gabs/Downloads/PROJETO/PROJETO/motorVideoTop.v Line: 144
Info (12128): Elaborating entity "MEF_geral_layer" for hierarchy "top_sistema:comb_4|motorVideoTop:u_video|MEF_geral_layer:u_mef" File: /home/gabs/Downloads/PROJETO/PROJETO/motorVideoTop.v Line: 51
Warning (10240): Verilog HDL Always Construct warning at MEF_geral_layer.v(29): inferring latch(es) for variable "prox_estado", which holds its previous value in one or more paths through the always construct File: /home/gabs/Downloads/PROJETO/PROJETO/MEF_geral_layer.v Line: 29
Info (10041): Inferred latch for "prox_estado.IDLE" at MEF_geral_layer.v(40) File: /home/gabs/Downloads/PROJETO/PROJETO/MEF_geral_layer.v Line: 40
Info (10041): Inferred latch for "prox_estado.POL" at MEF_geral_layer.v(40) File: /home/gabs/Downloads/PROJETO/PROJETO/MEF_geral_layer.v Line: 40
Info (10041): Inferred latch for "prox_estado.SPRT" at MEF_geral_layer.v(40) File: /home/gabs/Downloads/PROJETO/PROJETO/MEF_geral_layer.v Line: 40
Info (10041): Inferred latch for "prox_estado.BG" at MEF_geral_layer.v(40) File: /home/gabs/Downloads/PROJETO/PROJETO/MEF_geral_layer.v Line: 40
Info (12128): Elaborating entity "rising_edge_detector" for hierarchy "top_sistema:comb_4|motorVideoTop:u_video|MEF_geral_layer:u_mef|rising_edge_detector:comb_78" File: /home/gabs/Downloads/PROJETO/PROJETO/MEF_geral_layer.v Line: 120
Info (12128): Elaborating entity "motorBack_Ground" for hierarchy "top_sistema:comb_4|motorVideoTop:u_video|motorBack_Ground:u_bg" File: /home/gabs/Downloads/PROJETO/PROJETO/motorVideoTop.v Line: 78
Warning (10230): Verilog HDL assignment warning at motorBack_Ground.v(32): truncated value with size 32 to match size of target (6) File: /home/gabs/Downloads/PROJETO/PROJETO/output_files/motorBack_Ground.v Line: 32
Warning (10230): Verilog HDL assignment warning at motorBack_Ground.v(33): truncated value with size 32 to match size of target (6) File: /home/gabs/Downloads/PROJETO/PROJETO/output_files/motorBack_Ground.v Line: 33
Warning (10230): Verilog HDL assignment warning at motorBack_Ground.v(54): truncated value with size 32 to match size of target (6) File: /home/gabs/Downloads/PROJETO/PROJETO/output_files/motorBack_Ground.v Line: 54
Warning (10230): Verilog HDL assignment warning at motorBack_Ground.v(61): truncated value with size 32 to match size of target (6) File: /home/gabs/Downloads/PROJETO/PROJETO/output_files/motorBack_Ground.v Line: 61
Warning (10230): Verilog HDL assignment warning at motorBack_Ground.v(68): truncated value with size 32 to match size of target (6) File: /home/gabs/Downloads/PROJETO/PROJETO/output_files/motorBack_Ground.v Line: 68
Warning (10230): Verilog HDL assignment warning at motorBack_Ground.v(75): truncated value with size 32 to match size of target (6) File: /home/gabs/Downloads/PROJETO/PROJETO/output_files/motorBack_Ground.v Line: 75
Warning (10240): Verilog HDL Always Construct warning at motorBack_Ground.v(39): inferring latch(es) for variable "i", which holds its previous value in one or more paths through the always construct File: /home/gabs/Downloads/PROJETO/PROJETO/output_files/motorBack_Ground.v Line: 39
Info (12128): Elaborating entity "contadorVid" for hierarchy "top_sistema:comb_4|motorVideoTop:u_video|motorBack_Ground:u_bg|contadorVid:comb_49580" File: /home/gabs/Downloads/PROJETO/PROJETO/output_files/motorBack_Ground.v Line: 97
Warning (10230): Verilog HDL assignment warning at contadorVid.v(26): truncated value with size 32 to match size of target (17) File: /home/gabs/Downloads/PROJETO/PROJETO/contadorVid.v Line: 26
Warning (10230): Verilog HDL assignment warning at contadorVid.v(41): truncated value with size 32 to match size of target (8) File: /home/gabs/Downloads/PROJETO/PROJETO/contadorVid.v Line: 41
Warning (10230): Verilog HDL assignment warning at contadorVid.v(42): truncated value with size 32 to match size of target (9) File: /home/gabs/Downloads/PROJETO/PROJETO/contadorVid.v Line: 42
Info (12128): Elaborating entity "motorPol" for hierarchy "top_sistema:comb_4|motorVideoTop:u_video|motorPol:u_pol" File: /home/gabs/Downloads/PROJETO/PROJETO/motorVideoTop.v Line: 107
Info (12128): Elaborating entity "poligono_gerador" for hierarchy "top_sistema:comb_4|motorVideoTop:u_video|motorPol:u_pol|poligono_gerador:GEN_POLIGONOS[0].inst_pol" File: /home/gabs/Downloads/PROJETO/PROJETO/motorPol.v Line: 55
Info (12128): Elaborating entity "motorSprites_Blitter" for hierarchy "top_sistema:comb_4|motorVideoTop:u_video|motorSprites_Blitter:u_sprt" File: /home/gabs/Downloads/PROJETO/PROJETO/motorVideoTop.v Line: 134
Warning (10036): Verilog HDL or VHDL warning at motorSprites_Blitter.v(70): object "trapezio" assigned a value but never read File: /home/gabs/Downloads/PROJETO/PROJETO/motorSprites_Blitter.v Line: 70
Warning (10240): Verilog HDL Always Construct warning at motorSprites_Blitter.v(25): inferring latch(es) for variable "i", which holds its previous value in one or more paths through the always construct File: /home/gabs/Downloads/PROJETO/PROJETO/motorSprites_Blitter.v Line: 25
Info (12128): Elaborating entity "resolucao_logica" for hierarchy "top_sistema:comb_4|resolucao_logica:u_resolucao" File: /home/gabs/Downloads/PROJETO/PROJETO/top_sistema.v Line: 127
Warning (10230): Verilog HDL assignment warning at resolucao_logica.v(32): truncated value with size 32 to match size of target (9) File: /home/gabs/Downloads/PROJETO/PROJETO/resolucao_logica.v Line: 32
Warning (10230): Verilog HDL assignment warning at resolucao_logica.v(33): truncated value with size 32 to match size of target (8) File: /home/gabs/Downloads/PROJETO/PROJETO/resolucao_logica.v Line: 33
Warning (10230): Verilog HDL assignment warning at resolucao_logica.v(49): truncated value with size 32 to match size of target (17) File: /home/gabs/Downloads/PROJETO/PROJETO/resolucao_logica.v Line: 49
Info (12128): Elaborating entity "RAMVIDEO" for hierarchy "top_sistema:comb_4|resolucao_logica:u_resolucao|RAMVIDEO:comb_59" File: /home/gabs/Downloads/PROJETO/PROJETO/resolucao_logica.v Line: 76
Info (12128): Elaborating entity "altsyncram" for hierarchy "top_sistema:comb_4|resolucao_logica:u_resolucao|RAMVIDEO:comb_59|altsyncram:altsyncram_component" File: /home/gabs/Downloads/PROJETO/PROJETO/RAMVIDEO.v Line: 89
Info (12130): Elaborated megafunction instantiation "top_sistema:comb_4|resolucao_logica:u_resolucao|RAMVIDEO:comb_59|altsyncram:altsyncram_component" File: /home/gabs/Downloads/PROJETO/PROJETO/RAMVIDEO.v Line: 89
Info (12133): Instantiated megafunction "top_sistema:comb_4|resolucao_logica:u_resolucao|RAMVIDEO:comb_59|altsyncram:altsyncram_component" with the following parameter: File: /home/gabs/Downloads/PROJETO/PROJETO/RAMVIDEO.v Line: 89
    Info (12134): Parameter "address_aclr_b" = "NONE"
    Info (12134): Parameter "address_reg_b" = "CLOCK0"
    Info (12134): Parameter "clock_enable_input_a" = "BYPASS"
    Info (12134): Parameter "clock_enable_input_b" = "BYPASS"
    Info (12134): Parameter "clock_enable_output_b" = "BYPASS"
    Info (12134): Parameter "init_file" = "../memory_76800.mif"
    Info (12134): Parameter "intended_device_family" = "Cyclone V"
    Info (12134): Parameter "lpm_type" = "altsyncram"
    Info (12134): Parameter "numwords_a" = "76800"
    Info (12134): Parameter "numwords_b" = "76800"
    Info (12134): Parameter "operation_mode" = "DUAL_PORT"
    Info (12134): Parameter "outdata_aclr_b" = "NONE"
    Info (12134): Parameter "outdata_reg_b" = "CLOCK0"
    Info (12134): Parameter "power_up_uninitialized" = "FALSE"
    Info (12134): Parameter "ram_block_type" = "M10K"
    Info (12134): Parameter "read_during_write_mode_mixed_ports" = "DONT_CARE"
    Info (12134): Parameter "widthad_a" = "17"
    Info (12134): Parameter "widthad_b" = "17"
    Info (12134): Parameter "width_a" = "8"
    Info (12134): Parameter "width_b" = "8"
    Info (12134): Parameter "width_byteena_a" = "1"
Info (12021): Found 1 design units, including 1 entities, in source file db/altsyncram_9f22.tdf
    Info (12023): Found entity 1: altsyncram_9f22 File: /home/gabs/Downloads/PROJETO/PROJETO/db/altsyncram_9f22.tdf Line: 34
Info (12128): Elaborating entity "altsyncram_9f22" for hierarchy "top_sistema:comb_4|resolucao_logica:u_resolucao|RAMVIDEO:comb_59|altsyncram:altsyncram_component|altsyncram_9f22:auto_generated" File: /home/gabs/altera_lite/25.1std/quartus/libraries/megafunctions/altsyncram.tdf Line: 792
Info (12021): Found 1 design units, including 1 entities, in source file db/decode_nma.tdf
    Info (12023): Found entity 1: decode_nma File: /home/gabs/Downloads/PROJETO/PROJETO/db/decode_nma.tdf Line: 23
Info (12128): Elaborating entity "decode_nma" for hierarchy "top_sistema:comb_4|resolucao_logica:u_resolucao|RAMVIDEO:comb_59|altsyncram:altsyncram_component|altsyncram_9f22:auto_generated|decode_nma:decode2" File: /home/gabs/Downloads/PROJETO/PROJETO/db/altsyncram_9f22.tdf Line: 46
Info (12021): Found 1 design units, including 1 entities, in source file db/decode_g2a.tdf
    Info (12023): Found entity 1: decode_g2a File: /home/gabs/Downloads/PROJETO/PROJETO/db/decode_g2a.tdf Line: 23
Info (12128): Elaborating entity "decode_g2a" for hierarchy "top_sistema:comb_4|resolucao_logica:u_resolucao|RAMVIDEO:comb_59|altsyncram:altsyncram_component|altsyncram_9f22:auto_generated|decode_g2a:rden_decode_b" File: /home/gabs/Downloads/PROJETO/PROJETO/db/altsyncram_9f22.tdf Line: 47
Info (12021): Found 1 design units, including 1 entities, in source file db/mux_7hb.tdf
    Info (12023): Found entity 1: mux_7hb File: /home/gabs/Downloads/PROJETO/PROJETO/db/mux_7hb.tdf Line: 23
Info (12128): Elaborating entity "mux_7hb" for hierarchy "top_sistema:comb_4|resolucao_logica:u_resolucao|RAMVIDEO:comb_59|altsyncram:altsyncram_component|altsyncram_9f22:auto_generated|mux_7hb:mux3" File: /home/gabs/Downloads/PROJETO/PROJETO/db/altsyncram_9f22.tdf Line: 49
Info (12128): Elaborating entity "vga_driver" for hierarchy "top_sistema:comb_4|resolucao_logica:u_resolucao|vga_driver:comb_61" File: /home/gabs/Downloads/PROJETO/PROJETO/resolucao_logica.v Line: 105
Error (12006): Node instance "u_sprite_rom" instantiates undefined entity "sprite_rom_m10k". Ensure that required library paths are specified correctly, define the specified entity, or change the instantiation. If this entity represents Intel FPGA or third-party IP, generate the synthesis files for the IP. File: /home/gabs/Downloads/PROJETO/PROJETO/motorSprites_Blitter.v Line: 49
Error: Quartus Prime Analysis & Synthesis was unsuccessful. 1 error, 57 warnings
    Error: Peak virtual memory: 460 megabytes
    Error: Processing ended: Tue Sep  1 09:11:43 2026
    Error: Elapsed time: 00:00:07
    Error: Total CPU time (on all processors): 00:00:18


